Archive member included to satisfy reference by file (symbol)

/home/bcoste/Stock/PRe/LCPXpresso11C24-dev/workspace/lpc_chip_11cxx_lib/Release/liblpc_chip_11cxx_lib.a(clock_11xx.o)
                              ./src/lMotor.o (Chip_Clock_GetSystemClockRate)
/home/bcoste/Stock/PRe/LCPXpresso11C24-dev/workspace/lpc_chip_11cxx_lib/Release/liblpc_chip_11cxx_lib.a(gpio_11xx_2.o)
                              ./src/step4.o (Chip_GPIO_Init)
/home/bcoste/Stock/PRe/LCPXpresso11C24-dev/workspace/lpc_chip_11cxx_lib/Release/liblpc_chip_11cxx_lib.a(sysinit_11xx.o)
                              ./src/sysinit.o (Chip_SystemInit)
/home/bcoste/Stock/PRe/LCPXpresso11C24-dev/workspace/lpc_chip_11cxx_lib/Release/liblpc_chip_11cxx_lib.a(timer_11xx.o)
                              ./src/lMotor.o (Chip_TIMER_Init)
/home/bcoste/Stock/PRe/LCPXpresso11C24-dev/workspace/lpc_chip_11cxx_lib/Release/liblpc_chip_11cxx_lib.a(uart_11xx.o)
                              ./src/uart.o (Chip_UART_Init)
/home/bcoste/Stock/PRe/LCPXpresso11C24-dev/workspace/lpc_chip_11cxx_lib/Release/liblpc_chip_11cxx_lib.a(ring_buffer.o)
                              /home/bcoste/Stock/PRe/LCPXpresso11C24-dev/workspace/lpc_chip_11cxx_lib/Release/liblpc_chip_11cxx_lib.a(uart_11xx.o) (RingBuffer_Insert)
/home/bcoste/Stock/PRe/LCPXpresso11C24-dev/workspace/lpc_chip_11cxx_lib/Release/liblpc_chip_11cxx_lib.a(sysctl_11xx.o)
                              /home/bcoste/Stock/PRe/LCPXpresso11C24-dev/workspace/lpc_chip_11cxx_lib/Release/liblpc_chip_11cxx_lib.a(sysinit_11xx.o) (Chip_SYSCTL_PowerDown)
/usr/local/lpcxpresso_8.2.2_650/lpcxpresso/tools/bin/../lib/gcc/arm-none-eabi/5.4.1/../../../../arm-none-eabi/lib/armv6-m/libcr_c.a(memcpy.o)
                              ./src/crypto.o (memcpy)
/usr/local/lpcxpresso_8.2.2_650/lpcxpresso/tools/bin/../lib/gcc/arm-none-eabi/5.4.1/../../../../arm-none-eabi/lib/armv6-m/libcr_c.a(memset.o)
                              ./src/crypto.o (memset)
/usr/local/lpcxpresso_8.2.2_650/lpcxpresso/tools/bin/../lib/gcc/arm-none-eabi/5.4.1/../../../../arm-none-eabi/lib/armv6-m/libcr_c.a(__weak__main.o)
                              ./src/cr_startup_lpc11xx.o (__main)
/usr/local/lpcxpresso_8.2.2_650/lpcxpresso/tools/bin/../lib/gcc/arm-none-eabi/5.4.1/../../../../arm-none-eabi/lib/armv6-m/libcr_c.a(atan2.o)
                              ./src/pinint.o (atan2)
/usr/local/lpcxpresso_8.2.2_650/lpcxpresso/tools/bin/../lib/gcc/arm-none-eabi/5.4.1/../../../../arm-none-eabi/lib/armv6-m/libcr_c.a(errno.o)
                              /usr/local/lpcxpresso_8.2.2_650/lpcxpresso/tools/bin/../lib/gcc/arm-none-eabi/5.4.1/../../../../arm-none-eabi/lib/armv6-m/libcr_c.a(atan2.o) (errno)
/usr/local/lpcxpresso_8.2.2_650/lpcxpresso/tools/bin/../lib/gcc/arm-none-eabi/5.4.1/../../../../arm-none-eabi/lib/armv6-m/libcr_c.a(fabs.o)
                              /usr/local/lpcxpresso_8.2.2_650/lpcxpresso/tools/bin/../lib/gcc/arm-none-eabi/5.4.1/../../../../arm-none-eabi/lib/armv6-m/libcr_c.a(atan2.o) (fabs)
/usr/local/lpcxpresso_8.2.2_650/lpcxpresso/tools/bin/../lib/gcc/arm-none-eabi/5.4.1/../../../../arm-none-eabi/lib/armv6-m/libcr_c.a(floor.o)
                              ./src/motor.o (floor)
/usr/local/lpcxpresso_8.2.2_650/lpcxpresso/tools/bin/../lib/gcc/arm-none-eabi/5.4.1/../../../../arm-none-eabi/lib/armv6-m/libcr_c.a(itoa.o)
                              ./src/uart.o (itoa)
/usr/local/lpcxpresso_8.2.2_650/lpcxpresso/tools/bin/../lib/gcc/arm-none-eabi/5.4.1/../../../../arm-none-eabi/lib/armv6-m/libcr_c.a(pow.o)
                              ./src/uart.o (pow)
/usr/local/lpcxpresso_8.2.2_650/lpcxpresso/tools/bin/../lib/gcc/arm-none-eabi/5.4.1/../../../../arm-none-eabi/lib/armv6-m/libcr_c.a(stdlib.o)
                              ./src/calibrate.o (abs)
/usr/local/lpcxpresso_8.2.2_650/lpcxpresso/tools/bin/../lib/gcc/arm-none-eabi/5.4.1/../../../../arm-none-eabi/lib/armv6-m/libcr_c.a(_hugeval.o)
                              /usr/local/lpcxpresso_8.2.2_650/lpcxpresso/tools/bin/../lib/gcc/arm-none-eabi/5.4.1/../../../../arm-none-eabi/lib/armv6-m/libcr_c.a(atan2.o) (__huge_val)
/usr/local/lpcxpresso_8.2.2_650/lpcxpresso/tools/bin/../lib/gcc/arm-none-eabi/5.4.1/../../../../arm-none-eabi/lib/armv6-m/libcr_c.a(atan.o)
                              /usr/local/lpcxpresso_8.2.2_650/lpcxpresso/tools/bin/../lib/gcc/arm-none-eabi/5.4.1/../../../../arm-none-eabi/lib/armv6-m/libcr_c.a(atan2.o) (atan)
/usr/local/lpcxpresso_8.2.2_650/lpcxpresso/tools/bin/../lib/gcc/arm-none-eabi/5.4.1/../../../../arm-none-eabi/lib/armv6-m/libcr_c.a(frexp.o)
                              /usr/local/lpcxpresso_8.2.2_650/lpcxpresso/tools/bin/../lib/gcc/arm-none-eabi/5.4.1/../../../../arm-none-eabi/lib/armv6-m/libcr_c.a(pow.o) (frexp)
/usr/local/lpcxpresso_8.2.2_650/lpcxpresso/tools/bin/../lib/gcc/arm-none-eabi/5.4.1/../../../../arm-none-eabi/lib/armv6-m/libcr_c.a(initio.o)
[...]
Memory Configuration

Name             Origin             Length             Attributes
MFlash32         0x00000000         0x00008000         xr
RamLoc8          0x10000000         0x00002000         xrw
*default*        0x00000000         0xffffffff

Linker script and memory map

LOAD ./src/calibrate.o
LOAD ./src/cr_startup_lpc11xx.o
LOAD ./src/crp.o
LOAD ./src/crypto.o
LOAD ./src/fonction.o
LOAD ./src/i2c.o
LOAD ./src/imu.o
LOAD ./src/lMotor.o
LOAD ./src/motor.o
LOAD ./src/pinint.o
LOAD ./src/rMotor.o
LOAD ./src/step4.o
LOAD ./src/sysinit.o
LOAD ./src/timer.o
LOAD ./src/uart.o
LOAD /home/bcoste/Stock/PRe/LCPXpresso11C24-dev/workspace/lpc_chip_11cxx_lib/Release/liblpc_chip_11cxx_lib.a
START GROUP
LOAD /usr/local/lpcxpresso_8.2.2_650/lpcxpresso/tools/bin/../lib/gcc/arm-none-eabi/5.4.1/../../../../arm-none-eabi/lib/armv6-m/libcr_c.a
LOAD /usr/local/lpcxpresso_8.2.2_650/lpcxpresso/tools/bin/../lib/gcc/arm-none-eabi/5.4.1/armv6-m/libcr_eabihelpers.a
END GROUP
                0x00000000                __base_MFlash32 = 0x0
                0x00000000                __base_Flash = 0x0
                0x00008000                __top_MFlash32 = 0x8000
                0x00008000                __top_Flash = 0x8000
                0x10000000                __base_RamLoc8 = 0x10000000
                0x10000000                __base_RAM = 0x10000000
                0x10002000                __top_RamLoc8 = 0x10002000
                0x10002000                __top_RAM = 0x10002000

.text           0x00000000     0x6208
 FILL mask 0xff
                0x00000000                __vectors_start__ = ABSOLUTE (.)
 *(.isr_vector)
 .isr_vector    0x00000000       0xc0 ./src/cr_startup_lpc11xx.o
                0x00000000                g_pfnVectors
                0x000000c0                . = ALIGN (0x4)
                0x000000c0                __section_table_start = .
                0x000000c0                __data_section_table = .
                0x000000c0        0x4 LONG 0x6208 LOADADDR (.data)
                0x000000c4        0x4 LONG 0x10000000 ADDR (.data)
                0x000000c8        0x4 LONG 0x10 SIZEOF (.data)
                0x000000cc                __data_section_table_end = .
                0x000000cc                __bss_section_table = .
                0x000000cc        0x4 LONG 0x10000010 ADDR (.bss)
                0x000000d0        0x4 LONG 0xcc SIZEOF (.bss)
                0x000000d4                __bss_section_table_end = .
                0x000000d4                __section_table_end = .
 *(.after_vectors*)
 .after_vectors
                0x000000d4       0x70 ./src/cr_startup_lpc11xx.o
                0x000000d4                NMI_Handler
                0x000000d6                HardFault_Handler
                0x000000d8                SVC_Handler
                0x000000da                PendSV_Handler
                0x000000dc                SysTick_Handler
                0x000000de                TIMER16_0_IRQHandler
                0x000000de                UART_IRQHandler
                0x000000de                TIMER32_0_IRQHandler
                0x000000de                TIMER32_1_IRQHandler
                0x000000de                IntDefaultHandler
                0x000000de                CAN_IRQHandler
                0x000000de                SSP0_IRQHandler
                0x000000de                TIMER16_1_IRQHandler
                0x000000de                ADC_IRQHandler
                0x000000de                SSP1_IRQHandler
                0x000000de                PIOINT2_IRQHandler
                0x000000de                BOD_IRQHandler
                0x000000de                WAKEUP_IRQHandler
                0x000000de                PIOINT0_IRQHandler
                0x000000de                WDT_IRQHandler
                0x000000de                PIOINT3_IRQHandler
                0x000000e0                data_init
                0x000000f2                bss_init
                0x00000102                ResetISR
                0x000002fc                . = 0x2fc
 *fill*         0x00000144      0x1b8 ff
                0x000002fc                PROVIDE (__CRP_WORD_START__, .)
 *(.crp)
 .crp           0x000002fc        0x4 ./src/crp.o
                0x000002fc                CRP_WORD
                0x00000300                PROVIDE (__CRP_WORD_END__, .)
                0x00000001                ASSERT (! ((__CRP_WORD_START__ == __CRP_WORD_END__)), Linker CRP Enabled, but no CRP_WORD provided within application)
 *(.text*)
 .text.calculate_mean
                0x00000300       0x98 ./src/calibrate.o
                0x00000300                calculate_mean
 .text.set_offset
                0x00000398       0xc0 ./src/calibrate.o
                0x00000398                set_offset
 .text.calculate_offset
                0x00000458      0x110 ./src/calibrate.o
                0x00000458                calculate_offset
 .text.Transform_Sha256
                0x00000568      0x178 ./src/crypto.o
 .text.wc_InitSha256_ex
                0x000006e0       0x60 ./src/crypto.o
                0x000006e0                wc_InitSha256_ex
 .text.wc_InitSha224_ex
                0x00000740       0x58 ./src/crypto.o
                0x00000740                wc_InitSha224_ex
 .text.wc_InitSha224
                0x00000798        0xe ./src/crypto.o
                0x00000798                wc_InitSha224
 .text.wc_InitSha256
                0x000007a6        0xe ./src/crypto.o
                0x000007a6                wc_InitSha256
 .text._InitHmac
                0x000007b4       0x24 ./src/crypto.o
                0x000007b4                _InitHmac
 .text.wc_AesSetIV
                0x000007d8       0x22 ./src/crypto.o
                0x000007d8                wc_AesSetIV
 .text.ByteReverseWord32
                0x000007fa        0x4 ./src/crypto.o
                0x000007fa                ByteReverseWord32
 *fill*         0x000007fe        0x2 ff
 .text.wc_AesEncrypt
                0x00000800      0x444 ./src/crypto.o
 .text.ByteReverseWords
                0x00000c44       0x1e ./src/crypto.o
                0x00000c44                ByteReverseWords
 .text.Sha256Final
                0x00000c62       0x92 ./src/crypto.o
 .text.wc_Sha256Final
                0x00000cf4       0x84 ./src/crypto.o
                0x00000cf4                wc_Sha256Final
 .text.wc_Sha224Final
                0x00000d78       0x7c ./src/crypto.o
                0x00000d78                wc_Sha224Final
 .text.wc_AesSetKey
                0x00000df4      0x460 ./src/crypto.o
                0x00000df4                wc_AesSetKey
 .text.Sha256Update
                0x00001254       0xbe ./src/crypto.o
 .text.wc_Sha256Update
                0x00001312       0x1c ./src/crypto.o
                0x00001312                wc_Sha256Update
 .text.wc_Sha224Update
                0x0000132e       0x1a ./src/crypto.o
                0x0000132e                wc_Sha224Update
 .text.wc_HmacSetKey
                0x00001348       0xd4 ./src/crypto.o
                0x00001348                wc_HmacSetKey
 .text.HmacKeyInnerHash
                0x0000141c       0x32 ./src/crypto.o
 .text.wc_HmacUpdate
                0x0000144e       0x56 ./src/crypto.o
                0x0000144e                wc_HmacUpdate
 .text.wc_HmacFinal
                0x000014a4       0xaa ./src/crypto.o
                0x000014a4                wc_HmacFinal
 .text.XorWords
                0x0000154e       0x18 ./src/crypto.o
                0x0000154e                XorWords
 .text.xorbuf   0x00001566       0x2a ./src/crypto.o
                0x00001566                xorbuf
 .text.wc_AesCbcEncrypt
                0x00001590       0x52 ./src/crypto.o
                0x00001590                wc_AesCbcEncrypt
 *fill*         0x000015e2        0x2 ff
 .text.wc_AesCbcDecrypt
                0x000015e4      0x424 ./src/crypto.o
                0x000015e4                wc_AesCbcDecrypt
 .text.HMAC_SHA256
                0x00001a08       0x26 ./src/crypto.o
                0x00001a08                HMAC_SHA256
 .text.HASH_SHA256
                0x00001a2e       0x26 ./src/crypto.o
                0x00001a2e                HASH_SHA256
 .text.Decrypt_AES258_CBC
                0x00001a54       0x26 ./src/crypto.o
                0x00001a54                Decrypt_AES258_CBC
 .text.Encrypt_AES258_CBC
                0x00001a7a       0x26 ./src/crypto.o
                0x00001a7a                Encrypt_AES258_CBC
 .text.translate
                0x00001aa0       0x1a ./src/fonction.o
                0x00001aa0                translate
 *fill*         0x00001aba        0x2 ff
 .text.I2C_Write_Blocking.part.0
                0x00001abc       0x80 ./src/i2c.o
 .text.I2C_Write_Blocking_1B
                0x00001b3c       0x12 ./src/i2c.o
                0x00001b3c                I2C_Write_Blocking_1B
 *fill*         0x00001b4e        0x2 ff
 .text.I2C_Read_nBlocking
                0x00001b50       0x54 ./src/i2c.o
                0x00001b50                I2C_Read_nBlocking
 .text.I2C_Read_Blocking
                0x00001ba4       0x5c ./src/i2c.o
                0x00001ba4                I2C_Read_Blocking
 .text.I2CDriver
                0x00001c00      0x148 ./src/i2c.o
                0x00001c00                I2CDriver
 .text.I2C_IRQHandler
                0x00001d48       0xd4 ./src/i2c.o
                0x00001d48                I2C_IRQHandler
 .text.I2CInit  0x00001e1c       0x84 ./src/i2c.o
                0x00001e1c                I2CInit
 .text.Init_IMU
                0x00001ea0       0xd8 ./src/imu.o
                0x00001ea0                Init_IMU
 .text.IMU_Read_Values
                0x00001f78        0xe ./src/imu.o
                0x00001f78                IMU_Read_Values
 *fill*         0x00001f86        0x2 ff
 .text.Init_lMotor
                0x00001f88       0x80 ./src/lMotor.o
                0x00001f88                Init_lMotor
 .text.lMotor_changeDir
                0x00002008       0x6c ./src/lMotor.o
                0x00002008                lMotor_changeDir
 .text.lMotor_Backward
                0x00002074       0x34 ./src/lMotor.o
                0x00002074                lMotor_Backward
 .text.lMotor_Forward
                0x000020a8       0x34 ./src/lMotor.o
                0x000020a8                lMotor_Forward
 .text.lMotor_Start
                0x000020dc       0x28 ./src/lMotor.o
                0x000020dc                lMotor_Start
 .text.Init_Motor
                0x00002104        0xc ./src/motor.o
                0x00002104                Init_Motor
 .text.Motor_Start
                0x00002110        0xc ./src/motor.o
                0x00002110                Motor_Start
 .text.Motor_Backward
                0x0000211c       0x10 ./src/motor.o
                0x0000211c                Motor_Backward
 .text.Motor_Forward
                0x0000212c       0x10 ./src/motor.o
                0x0000212c                Motor_Forward
 .text.Motor_setPower
                0x0000213c       0x48 ./src/motor.o
                0x0000213c                Motor_setPower
 .text.Init_PININT
                0x00002184       0x70 ./src/pinint.o
                0x00002184                Init_PININT
 .text.PIOINT1_IRQHandler
                0x000021f4      0x198 ./src/pinint.o
                0x000021f4                PIOINT1_IRQHandler
 .text.Init_rMotor
                0x0000238c       0x8c ./src/rMotor.o
                0x0000238c                Init_rMotor
 .text.rMotor_changeDir
                0x00002418       0x64 ./src/rMotor.o
                0x00002418                rMotor_changeDir
 .text.rMotor_isForward
                0x0000247c       0x10 ./src/rMotor.o
                0x0000247c                rMotor_isForward
 .text.rMotor_Backward
                0x0000248c       0x34 ./src/rMotor.o
                0x0000248c                rMotor_Backward
 .text.rMotor_Forward
                0x000024c0       0x34 ./src/rMotor.o
                0x000024c0                rMotor_Forward
 .text.rMotor_Start
                0x000024f4       0x28 ./src/rMotor.o
                0x000024f4                rMotor_Start
 .text.startup.main
                0x0000251c       0x90 ./src/step4.o
                0x0000251c                main
 .text.SystemInit
                0x000025ac        0x8 ./src/sysinit.o
                0x000025ac                SystemInit
 .text.Init_TIMER
                0x000025b4       0x28 ./src/timer.o
                0x000025b4                Init_TIMER
 .text.TIMER_Reset
                0x000025dc       0x10 ./src/timer.o
                0x000025dc                TIMER_Reset
 .text.TIMER_Start
                0x000025ec       0x18 ./src/timer.o
                0x000025ec                TIMER_Start
 .text.TIMER_Wait_Till
                0x00002604       0x10 ./src/timer.o
                0x00002604                TIMER_Wait_Till
 .text.TIMER_getCounter
                0x00002614        0xc ./src/timer.o
                0x00002614                TIMER_getCounter
 .text.TIMER_Stop
                0x00002620       0x18 ./src/timer.o
                0x00002620                TIMER_Stop
 .text.TIMER_DeInit
                0x00002638       0x10 ./src/timer.o
                0x00002638                TIMER_DeInit
 .text.Init_UART
                0x00002648       0x40 ./src/uart.o
                0x00002648                Init_UART
 .text.UART_PutCHAR
                0x00002688       0x18 ./src/uart.o
                0x00002688                UART_PutCHAR
 .text.UART_PutSTR
                0x000026a0       0x14 ./src/uart.o
                0x000026a0                UART_PutSTR
 .text.UART_SendSTR_Signed
                0x000026b4      0x11c ./src/uart.o
                0x000026b4                UART_SendSTR_Signed
 .text.UART_Handshake
                0x000027d0      0x170 ./src/uart.o
                0x000027d0                UART_Handshake
 .text.UART_ReceiveSTR_Signed
                0x00002940      0x124 ./src/uart.o
                0x00002940                UART_ReceiveSTR_Signed
 .text.Chip_Clock_SetSystemPLLSource
                0x00002a64       0x14 /home/bcoste/Stock/PRe/LCPXpresso11C24-dev/workspace/lpc_chip_11cxx_lib/Release/liblpc_chip_11cxx_lib.a(clock_11xx.o)
                0x00002a64                Chip_Clock_SetSystemPLLSource
 .text.Chip_Clock_SetMainClockSource
                0x00002a78       0x14 /home/bcoste/Stock/PRe/LCPXpresso11C24-dev/workspace/lpc_chip_11cxx_lib/Release/liblpc_chip_11cxx_lib.a(clock_11xx.o)
                0x00002a78                Chip_Clock_SetMainClockSource
 .text.Chip_Clock_GetWDTOSCRate
                0x00002a8c       0x28 /home/bcoste/Stock/PRe/LCPXpresso11C24-dev/workspace/lpc_chip_11cxx_lib/Release/liblpc_chip_11cxx_lib.a(clock_11xx.o)
                0x00002a8c                Chip_Clock_GetWDTOSCRate
 .text.Chip_Clock_GetSystemPLLInClockRate
                0x00002ab4       0x28 /home/bcoste/Stock/PRe/LCPXpresso11C24-dev/workspace/lpc_chip_11cxx_lib/Release/liblpc_chip_11cxx_lib.a(clock_11xx.o)
                0x00002ab4                Chip_Clock_GetSystemPLLInClockRate
 .text.Chip_Clock_GetSystemPLLOutClockRate
                0x00002adc       0x18 /home/bcoste/Stock/PRe/LCPXpresso11C24-dev/workspace/lpc_chip_11cxx_lib/Release/liblpc_chip_11cxx_lib.a(clock_11xx.o)
                0x00002adc                Chip_Clock_GetSystemPLLOutClockRate
 .text.Chip_Clock_GetMainClockRate
                0x00002af4       0x34 /home/bcoste/Stock/PRe/LCPXpresso11C24-dev/workspace/lpc_chip_11cxx_lib/Release/liblpc_chip_11cxx_lib.a(clock_11xx.o)
                0x00002af4                Chip_Clock_GetMainClockRate
 .text.Chip_Clock_GetSystemClockRate
                0x00002b28       0x14 /home/bcoste/Stock/PRe/LCPXpresso11C24-dev/workspace/lpc_chip_11cxx_lib/Release/liblpc_chip_11cxx_lib.a(clock_11xx.o)
                0x00002b28                Chip_Clock_GetSystemClockRate
 .text.Chip_GPIO_Init
                0x00002b3c       0x10 /home/bcoste/Stock/PRe/LCPXpresso11C24-dev/workspace/lpc_chip_11cxx_lib/Release/liblpc_chip_11cxx_lib.a(gpio_11xx_2.o)
                0x00002b3c                Chip_GPIO_Init
 .text.Chip_GPIO_SetupPinInt
                0x00002b4c       0x5c /home/bcoste/Stock/PRe/LCPXpresso11C24-dev/workspace/lpc_chip_11cxx_lib/Release/liblpc_chip_11cxx_lib.a(gpio_11xx_2.o)
                0x00002b4c                Chip_GPIO_SetupPinInt
 .text.Chip_SystemInit
                0x00002ba8       0x60 /home/bcoste/Stock/PRe/LCPXpresso11C24-dev/workspace/lpc_chip_11cxx_lib/Release/liblpc_chip_11cxx_lib.a(sysinit_11xx.o)
                0x00002ba8                Chip_SystemInit
 .text.Chip_TIMER_Init
                0x00002c08       0x3c /home/bcoste/Stock/PRe/LCPXpresso11C24-dev/workspace/lpc_chip_11cxx_lib/Release/liblpc_chip_11cxx_lib.a(timer_11xx.o)
                0x00002c08                Chip_TIMER_Init
 .text.Chip_TIMER_DeInit
                0x00002c44       0x3c /home/bcoste/Stock/PRe/LCPXpresso11C24-dev/workspace/lpc_chip_11cxx_lib/Release/liblpc_chip_11cxx_lib.a(timer_11xx.o)
                0x00002c44                Chip_TIMER_DeInit
 .text.Chip_TIMER_Reset
                0x00002c80       0x18 /home/bcoste/Stock/PRe/LCPXpresso11C24-dev/workspace/lpc_chip_11cxx_lib/Release/liblpc_chip_11cxx_lib.a(timer_11xx.o)
                0x00002c80                Chip_TIMER_Reset
 .text.Chip_UART_Init
                0x00002c98       0x28 /home/bcoste/Stock/PRe/LCPXpresso11C24-dev/workspace/lpc_chip_11cxx_lib/Release/liblpc_chip_11cxx_lib.a(uart_11xx.o)
                0x00002c98                Chip_UART_Init
 .text.Chip_UART_Send
                0x00002cc0       0x1c /home/bcoste/Stock/PRe/LCPXpresso11C24-dev/workspace/lpc_chip_11cxx_lib/Release/liblpc_chip_11cxx_lib.a(uart_11xx.o)
                0x00002cc0                Chip_UART_Send
 .text.Chip_UART_SendBlocking
                0x00002cdc       0x24 /home/bcoste/Stock/PRe/LCPXpresso11C24-dev/workspace/lpc_chip_11cxx_lib/Release/liblpc_chip_11cxx_lib.a(uart_11xx.o)
                0x00002cdc                Chip_UART_SendBlocking
 .text.Chip_UART_Read
                0x00002d00       0x1c /home/bcoste/Stock/PRe/LCPXpresso11C24-dev/workspace/lpc_chip_11cxx_lib/Release/liblpc_chip_11cxx_lib.a(uart_11xx.o)
                0x00002d00                Chip_UART_Read
 .text.Chip_UART_SetBaud
                0x00002d1c       0x38 /home/bcoste/Stock/PRe/LCPXpresso11C24-dev/workspace/lpc_chip_11cxx_lib/Release/liblpc_chip_11cxx_lib.a(uart_11xx.o)
                0x00002d1c                Chip_UART_SetBaud
 .text.Chip_SYSCTL_PowerDown
                0x00002d54       0x1c /home/bcoste/Stock/PRe/LCPXpresso11C24-dev/workspace/lpc_chip_11cxx_lib/Release/liblpc_chip_11cxx_lib.a(sysctl_11xx.o)
                0x00002d54                Chip_SYSCTL_PowerDown
 .text.Chip_SYSCTL_PowerUp
                0x00002d70       0x20 /home/bcoste/Stock/PRe/LCPXpresso11C24-dev/workspace/lpc_chip_11cxx_lib/Release/liblpc_chip_11cxx_lib.a(sysctl_11xx.o)
                0x00002d70                Chip_SYSCTL_PowerUp
 .text.memcpy   0x00002d90        0x8 /usr/local/lpcxpresso_8.2.2_650/lpcxpresso/tools/bin/../lib/gcc/arm-none-eabi/5.4.1/../../../../arm-none-eabi/lib/armv6-m/libcr_c.a(memcpy.o)
                0x00002d90                memcpy
 .text.memset   0x00002d98        0x8 /usr/local/lpcxpresso_8.2.2_650/lpcxpresso/tools/bin/../lib/gcc/arm-none-eabi/5.4.1/../../../../arm-none-eabi/lib/armv6-m/libcr_c.a(memset.o)
                0x00002d98                memset
 .text.__weak_main
                0x00002da0        0x8 /usr/local/lpcxpresso_8.2.2_650/lpcxpresso/tools/bin/../lib/gcc/arm-none-eabi/5.4.1/../../../../arm-none-eabi/lib/armv6-m/libcr_c.a(__weak__main.o)
                0x00002da0                __main
                0x00002da0                __weak_main
 .text.atan2    0x00002da8      0x114 /usr/local/lpcxpresso_8.2.2_650/lpcxpresso/tools/bin/../lib/gcc/arm-none-eabi/5.4.1/../../../../arm-none-eabi/lib/armv6-m/libcr_c.a(atan2.o)
                0x00002da8                atan2
 .text.fabs     0x00002ebc       0x24 /usr/local/lpcxpresso_8.2.2_650/lpcxpresso/tools/bin/../lib/gcc/arm-none-eabi/5.4.1/../../../../arm-none-eabi/lib/armv6-m/libcr_c.a(fabs.o)
                0x00002ebc                fabs
 .text.floor    0x00002ee0       0xb0 /usr/local/lpcxpresso_8.2.2_650/lpcxpresso/tools/bin/../lib/gcc/arm-none-eabi/5.4.1/../../../../arm-none-eabi/lib/armv6-m/libcr_c.a(floor.o)
                0x00002ee0                floor
 .text.abs      0x00002f90        0x8 /usr/local/lpcxpresso_8.2.2_650/lpcxpresso/tools/bin/../lib/gcc/arm-none-eabi/5.4.1/../../../../arm-none-eabi/lib/armv6-m/libcr_c.a(stdlib.o)
                0x00002f90                abs
 .text.atan     0x00002f98      0x204 /usr/local/lpcxpresso_8.2.2_650/lpcxpresso/tools/bin/../lib/gcc/arm-none-eabi/5.4.1/../../../../arm-none-eabi/lib/armv6-m/libcr_c.a(atan.o)
                0x00002f98                atan
 .text.__aeabi_division_idivmod
                0x0000319c       0x78 /usr/local/lpcxpresso_8.2.2_650/lpcxpresso/tools/bin/../lib/gcc/arm-none-eabi/5.4.1/armv6-m/libcr_eabihelpers.a(division_32.o)
                0x0000319c                __aeabi_idiv
                0x0000319c                __aeabi_idivmod
                0x000031a2                __aeabi_uidiv
                0x000031a2                __aeabi_uidivmod
 .text.__aeabi_division_idiv0
                0x00003214        0x2 /usr/local/lpcxpresso_8.2.2_650/lpcxpresso/tools/bin/../lib/gcc/arm-none-eabi/5.4.1/armv6-m/libcr_eabihelpers.a(division_idiv0.o)
                0x00003214                __aeabi_idiv0
 *fill*         0x00003216        0x2 ff
 .text.__aeabi_dmul
                0x00003218      0x17c /usr/local/lpcxpresso_8.2.2_650/lpcxpresso/tools/bin/../lib/gcc/arm-none-eabi/5.4.1/armv6-m/libcr_eabihelpers.a(double.o)
                0x00003218                __aeabi_dmul
 .text.__aeabi_ddiv
                0x00003394      0x14c /usr/local/lpcxpresso_8.2.2_650/lpcxpresso/tools/bin/../lib/gcc/arm-none-eabi/5.4.1/armv6-m/libcr_eabihelpers.a(double.o)
                0x00003394                __aeabi_ddiv
 .text.__aeabi_dsub
                0x000034e0      0x1c8 /usr/local/lpcxpresso_8.2.2_650/lpcxpresso/tools/bin/../lib/gcc/arm-none-eabi/5.4.1/armv6-m/libcr_eabihelpers.a(double.o)
                0x000034e0                __aeabi_dsub
 .text.__aeabi_dadd
                0x000036a8      0x130 /usr/local/lpcxpresso_8.2.2_650/lpcxpresso/tools/bin/../lib/gcc/arm-none-eabi/5.4.1/armv6-m/libcr_eabihelpers.a(double.o)
                0x000036a8                __aeabi_dadd
 .text.__aeabi_d2f
                0x000037d8       0x64 /usr/local/lpcxpresso_8.2.2_650/lpcxpresso/tools/bin/../lib/gcc/arm-none-eabi/5.4.1/armv6-m/libcr_eabihelpers.a(double.o)
                0x000037d8                __aeabi_d2f
 .text.__aeabi_d2iz
                0x0000383c       0x44 /usr/local/lpcxpresso_8.2.2_650/lpcxpresso/tools/bin/../lib/gcc/arm-none-eabi/5.4.1/armv6-m/libcr_eabihelpers.a(double.o)
                0x0000383c                __aeabi_d2iz
 .text.__bhs_ui2d
                0x00003880       0x5e /usr/local/lpcxpresso_8.2.2_650/lpcxpresso/tools/bin/../lib/gcc/arm-none-eabi/5.4.1/armv6-m/libcr_eabihelpers.a(double.o)
                0x00003880                __bhs_ui2d
 .text.__aeabi_i2d
                0x000038de       0x16 /usr/local/lpcxpresso_8.2.2_650/lpcxpresso/tools/bin/../lib/gcc/arm-none-eabi/5.4.1/armv6-m/libcr_eabihelpers.a(double.o)
                0x000038de                __aeabi_i2d
 .text.__aeabi_dcmpeq
                0x000038f4       0x30 /usr/local/lpcxpresso_8.2.2_650/lpcxpresso/tools/bin/../lib/gcc/arm-none-eabi/5.4.1/armv6-m/libcr_eabihelpers.a(double.o)
                0x000038f4                __aeabi_dcmpeq
 .text.__aeabi_dcmplt
                0x00003924       0x5c /usr/local/lpcxpresso_8.2.2_650/lpcxpresso/tools/bin/../lib/gcc/arm-none-eabi/5.4.1/armv6-m/libcr_eabihelpers.a(double.o)
                0x00003924                __aeabi_dcmplt
 .text.__aeabi_dcmpgt
                0x00003980       0x5c /usr/local/lpcxpresso_8.2.2_650/lpcxpresso/tools/bin/../lib/gcc/arm-none-eabi/5.4.1/armv6-m/libcr_eabihelpers.a(double.o)
                0x00003980                __aeabi_dcmpgt
 .text.__aeabi_fmul
                0x000039dc       0xc4 /usr/local/lpcxpresso_8.2.2_650/lpcxpresso/tools/bin/../lib/gcc/arm-none-eabi/5.4.1/armv6-m/libcr_eabihelpers.a(float.o)
                0x000039dc                __aeabi_fmul
 .text.__aeabi_fdiv
                0x00003aa0       0xf0 /usr/local/lpcxpresso_8.2.2_650/lpcxpresso/tools/bin/../lib/gcc/arm-none-eabi/5.4.1/armv6-m/libcr_eabihelpers.a(float.o)
                0x00003aa0                __aeabi_fdiv
 .text.__aeabi_fsub
                0x00003b90      0x130 /usr/local/lpcxpresso_8.2.2_650/lpcxpresso/tools/bin/../lib/gcc/arm-none-eabi/5.4.1/armv6-m/libcr_eabihelpers.a(float.o)
                0x00003b90                __aeabi_fsub
 .text.__aeabi_fadd
                0x00003cc0       0xb8 /usr/local/lpcxpresso_8.2.2_650/lpcxpresso/tools/bin/../lib/gcc/arm-none-eabi/5.4.1/armv6-m/libcr_eabihelpers.a(float.o)
                0x00003cc0                __aeabi_fadd
 .text.__bhs_ui2f
                0x00003d78       0x62 /usr/local/lpcxpresso_8.2.2_650/lpcxpresso/tools/bin/../lib/gcc/arm-none-eabi/5.4.1/armv6-m/libcr_eabihelpers.a(float.o)
                0x00003d78                __bhs_ui2f
 .text.__aeabi_i2f
                0x00003dda       0x16 /usr/local/lpcxpresso_8.2.2_650/lpcxpresso/tools/bin/../lib/gcc/arm-none-eabi/5.4.1/armv6-m/libcr_eabihelpers.a(float.o)
                0x00003dda                __aeabi_i2f
 .text.__aeabi_f2d
                0x00003df0       0x40 /usr/local/lpcxpresso_8.2.2_650/lpcxpresso/tools/bin/../lib/gcc/arm-none-eabi/5.4.1/armv6-m/libcr_eabihelpers.a(float.o)
                0x00003df0                __aeabi_f2d
 .text.__aeabi_fcmple
                0x00003e30       0x40 /usr/local/lpcxpresso_8.2.2_650/lpcxpresso/tools/bin/../lib/gcc/arm-none-eabi/5.4.1/armv6-m/libcr_eabihelpers.a(float.o)
                0x00003e30                __aeabi_fcmple
 .text.__aeabi_fcmpge
                0x00003e70       0x3c /usr/local/lpcxpresso_8.2.2_650/lpcxpresso/tools/bin/../lib/gcc/arm-none-eabi/5.4.1/armv6-m/libcr_eabihelpers.a(float.o)
                0x00003e70                __aeabi_fcmpge
 .text.__aeabi_llong_lmul
                0x00003eac       0x2e /usr/local/lpcxpresso_8.2.2_650/lpcxpresso/tools/bin/../lib/gcc/arm-none-eabi/5.4.1/armv6-m/libcr_eabihelpers.a(llong.o)
                0x00003eac                __aeabi_lmul
 .text.__aeabi_memcpy
                0x00003eda       0x2c /usr/local/lpcxpresso_8.2.2_650/lpcxpresso/tools/bin/../lib/gcc/arm-none-eabi/5.4.1/armv6-m/libcr_eabihelpers.a(memcpy.o)
                0x00003eda                __aeabi_memcpy
                0x00003eda                __aeabi_memcpy4
                0x00003eda                __aeabi_memcpy8
 .text.__aeabi_memset_lowlevel
                0x00003f06       0x2a /usr/local/lpcxpresso_8.2.2_650/lpcxpresso/tools/bin/../lib/gcc/arm-none-eabi/5.4.1/armv6-m/libcr_eabihelpers.a(memcpy.o)
                0x00003f06                __aeabi_lowlevel_memset
 *(.rodata .rodata.* .constdata .constdata.*)
 .rodata.str1.1
                0x00003f30        0x9 ./src/calibrate.o
 *fill*         0x00003f39        0x3 ff
 .rodata.rcon   0x00003f3c       0x28 ./src/crypto.o
 .rodata.Td4    0x00003f64      0x100 ./src/crypto.o
 .rodata.Td     0x00004064     0x1000 ./src/crypto.o
 .rodata.Te     0x00005064     0x1000 ./src/crypto.o
 .rodata.K      0x00006064      0x100 ./src/crypto.o
 .rodata.imu_address
                0x00006164        0x1 ./src/imu.o
                0x00006164                imu_address
 .rodata.MOTHER_KEY
                0x00006165       0x20 ./src/step4.o
                0x00006165                MOTHER_KEY
 *fill*         0x00006185        0x3 ff
 .rodata.OscRateIn
                0x00006188        0x4 ./src/sysinit.o
                0x00006188                OscRateIn
 .rodata.ACK    0x0000618c        0xe ./src/uart.o
                0x0000618c                ACK
 *fill*         0x0000619a        0x2 ff
 .rodata.wdtOSCRate
                0x0000619c       0x40 /home/bcoste/Stock/PRe/LCPXpresso11C24-dev/workspace/lpc_chip_11cxx_lib/Release/liblpc_chip_11cxx_lib.a(clock_11xx.o)
 *fill*         0x000061dc        0x4 ff
 .rodata.__huge_val
                0x000061e0        0x8 /usr/local/lpcxpresso_8.2.2_650/lpcxpresso/tools/bin/../lib/gcc/arm-none-eabi/5.4.1/../../../../arm-none-eabi/lib/armv6-m/libcr_c.a(_hugeval.o)
                0x000061e0                __huge_val
 .rodata.a.3983
                0x000061e8       0x20 /usr/local/lpcxpresso_8.2.2_650/lpcxpresso/tools/bin/../lib/gcc/arm-none-eabi/5.4.1/../../../../arm-none-eabi/lib/armv6-m/libcr_c.a(atan.o)
                0x00006208                . = ALIGN (0x4)

.glue_7         0x00006208        0x0
 .glue_7        0x00006208        0x0 linker stubs

.glue_7t        0x00006208        0x0
 .glue_7t       0x00006208        0x0 linker stubs

.vfp11_veneer   0x00006208        0x0
 .vfp11_veneer  0x00006208        0x0 linker stubs

.v4_bx          0x00006208        0x0
 .v4_bx         0x00006208        0x0 linker stubs

.iplt           0x00006208        0x0
 .iplt          0x00006208        0x0 ./src/calibrate.o

.rel.dyn        0x00006208        0x0
 .rel.iplt      0x00006208        0x0 ./src/calibrate.o

.ARM.extab
 *(.ARM.extab* .gnu.linkonce.armextab.*)
                0x00006208                __exidx_start = .

.ARM.exidx
 *(.ARM.exidx* .gnu.linkonce.armexidx.*)
                0x00006208                __exidx_end = .
                0x00006208                _etext = .

.uninit_RESERVED
                0x10000000        0x0
 *(.bss.$RESERVED*)
                0x10000000                . = ALIGN (0x4)
                0x10000000                _end_uninit_RESERVED = .

.data           0x10000000       0x10 load address 0x00006208
 FILL mask 0xff
                0x10000000                _data = .
 *(vtable)
 *(.ramfunc*)
 *(.data*)
 .data.read_available
                0x10000000        0x1 ./src/i2c.o
                0x10000000                read_available
 *fill*         0x10000001        0x3 ff
 .data.alpha    0x10000004        0x4 ./src/step4.o
                0x10000004                alpha
 .data.kp       0x10000008        0x4 ./src/step4.o
                0x10000008                kp
 .data.first    0x1000000c        0x1 ./src/step4.o
                0x1000000c                first
                0x10000010                . = ALIGN (0x4)
 *fill*         0x1000000d        0x3 ff
                0x10000010                _edata = .

.igot.plt       0x10000010        0x0 load address 0x00006218
 .igot.plt      0x10000010        0x0 ./src/calibrate.o

.bss            0x10000010       0xcc load address 0x00006218
                0x10000010                _bss = .
 *(.bss*)
 .bss.I2CMasterBuffer
                0x10000010       0x40 ./src/i2c.o
                0x10000010                I2CMasterBuffer
 .bss.ask_for_new_value
                0x10000050        0x1 ./src/i2c.o
                0x10000050                ask_for_new_value
 *fill*         0x10000051        0x3 
 .bss.I2CReadLength
                0x10000054        0x4 ./src/i2c.o
                0x10000054                I2CReadLength
 .bss.I2CWriteLength
                0x10000058        0x4 ./src/i2c.o
                0x10000058                I2CWriteLength
 .bss.RdIndex   0x1000005c        0x4 ./src/i2c.o
                0x1000005c                RdIndex
 .bss.WrIndex   0x10000060        0x4 ./src/i2c.o
                0x10000060                WrIndex
 .bss.I2CMasterState
                0x10000064        0x4 ./src/i2c.o
                0x10000064                I2CMasterState
 .bss.I2CWrite  0x10000068        0x1 ./src/i2c.o
                0x10000068                I2CWrite
 *fill*         0x10000069        0x3 
 .bss.timeout   0x1000006c        0x4 ./src/i2c.o
                0x1000006c                timeout
 .bss.I2CSlaveBuffer
                0x10000070       0x40 ./src/i2c.o
                0x10000070                I2CSlaveBuffer
 .bss.lMotor_on
                0x100000b0        0x1 ./src/lMotor.o
                0x100000b0                lMotor_on
 *fill*         0x100000b1        0x3 
 .bss.errorSum  0x100000b4        0x4 ./src/pinint.o
                0x100000b4                errorSum
 .bss.previousAngle
                0x100000b8        0x4 ./src/pinint.o
                0x100000b8                previousAngle
 .bss.rMotor_on
                0x100000bc        0x1 ./src/rMotor.o
                0x100000bc                rMotor_on
 *fill*         0x100000bd        0x3 
 .bss.kd        0x100000c0        0x4 ./src/step4.o
                0x100000c0                kd
 .bss.ki        0x100000c4        0x4 ./src/step4.o
                0x100000c4                ki
 .bss.values    0x100000c8        0xe ./src/step4.o
                0x100000c8                values
 .bss.nounce    0x100000d6        0x2 ./src/step4.o
                0x100000d6                nounce
 .bss.errno     0x100000d8        0x4 /usr/local/lpcxpresso_8.2.2_650/lpcxpresso/tools/bin/../lib/gcc/arm-none-eabi/5.4.1/../../../../arm-none-eabi/lib/armv6-m/libcr_c.a(errno.o)
                0x100000d8                errno
 *(COMMON)
                0x100000dc                . = ALIGN (0x4)
                0x100000dc                _ebss = .
                [!provide]                PROVIDE (end, .)

.noinit         0x100000dc        0x0 load address 0x00006218
                0x100000dc                _noinit = .
 *(.noinit*)
                0x100000dc                . = ALIGN (0x4)
                0x100000dc                _end_noinit = .
                0x100000dc                PROVIDE (_pvHeapStart, DEFINED (__user_heap_base)?__user_heap_base:.)
                0x10002000                PROVIDE (_vStackTop, DEFINED (__user_stack_top)?__user_stack_top:(__top_RamLoc8 - 0x0))
                0xefffdd51                PROVIDE (__valid_user_code_checksum, (0x0 - (((_vStackTop + (ResetISR + 0x1)) + (DEFINED (NMI_Handler)?NMI_Handler:M0_NMI_Handler + 0x1)) + (DEFINED (HardFault_Handler)?HardFault_Handler:M0_HardFault_Handler + 0x1))))
OUTPUT(step4.axf elf32-littlearm)

.debug_info     0x00000000     0xe3de
 .debug_info    0x00000000      0x50d ./src/calibrate.o
 .debug_info    0x0000050d      0x23d ./src/cr_startup_lpc11xx.o
 .debug_info    0x0000074a       0x3b ./src/crp.o
 .debug_info    0x00000785     0x44ec ./src/crypto.o
 .debug_info    0x00004c71      0x1ce ./src/fonction.o
 .debug_info    0x00004e3f      0xe6b ./src/i2c.o
 .debug_info    0x00005caa      0x4d4 ./src/imu.o
 .debug_info    0x0000617e      0xc3b ./src/lMotor.o
 .debug_info    0x00006db9      0x2d7 ./src/motor.o
 .debug_info    0x00007090      0xa36 ./src/pinint.o
 .debug_info    0x00007ac6      0xc23 ./src/rMotor.o
 .debug_info    0x000086e9      0x45c ./src/step4.o
 .debug_info    0x00008b45       0xde ./src/sysinit.o
 .debug_info    0x00008c23      0x3ae ./src/timer.o
 .debug_info    0x00008fd1     0x15cb ./src/uart.o
 .debug_info    0x0000a59c      0x8c6 /home/bcoste/Stock/PRe/LCPXpresso11C24-dev/workspace/lpc_chip_11cxx_lib/Release/liblpc_chip_11cxx_lib.a(clock_11xx.o)
 .debug_info    0x0000ae62      0xc62 /home/bcoste/Stock/PRe/LCPXpresso11C24-dev/workspace/lpc_chip_11cxx_lib/Release/liblpc_chip_11cxx_lib.a(gpio_11xx_2.o)
 .debug_info    0x0000bac4      0x8f1 /home/bcoste/Stock/PRe/LCPXpresso11C24-dev/workspace/lpc_chip_11cxx_lib/Release/liblpc_chip_11cxx_lib.a(sysinit_11xx.o)
 .debug_info    0x0000c3b5      0x85e /home/bcoste/Stock/PRe/LCPXpresso11C24-dev/workspace/lpc_chip_11cxx_lib/Release/liblpc_chip_11cxx_lib.a(timer_11xx.o)
 .debug_info    0x0000cc13     0x1238 /home/bcoste/Stock/PRe/LCPXpresso11C24-dev/workspace/lpc_chip_11cxx_lib/Release/liblpc_chip_11cxx_lib.a(uart_11xx.o)
 .debug_info    0x0000de4b      0x593 /home/bcoste/Stock/PRe/LCPXpresso11C24-dev/workspace/lpc_chip_11cxx_lib/Release/liblpc_chip_11cxx_lib.a(sysctl_11xx.o)

.debug_abbrev   0x00000000     0x2816
 .debug_abbrev  0x00000000      0x14e ./src/calibrate.o
 .debug_abbrev  0x0000014e      0x102 ./src/cr_startup_lpc11xx.o
 .debug_abbrev  0x00000250       0x33 ./src/crp.o
 .debug_abbrev  0x00000283      0x506 ./src/crypto.o
 .debug_abbrev  0x00000789       0xb3 ./src/fonction.o
 .debug_abbrev  0x0000083c      0x298 ./src/i2c.o
 .debug_abbrev  0x00000ad4      0x116 ./src/imu.o
 .debug_abbrev  0x00000bea      0x291 ./src/lMotor.o
 .debug_abbrev  0x00000e7b       0xf2 ./src/motor.o
 .debug_abbrev  0x00000f6d      0x2ac ./src/pinint.o
 .debug_abbrev  0x00001219      0x279 ./src/rMotor.o
 .debug_abbrev  0x00001492      0x178 ./src/step4.o
 .debug_abbrev  0x0000160a       0x85 ./src/sysinit.o
 .debug_abbrev  0x0000168f      0x1b8 ./src/timer.o
 .debug_abbrev  0x00001847      0x414 ./src/uart.o
 .debug_abbrev  0x00001c5b      0x229 /home/bcoste/Stock/PRe/LCPXpresso11C24-dev/workspace/lpc_chip_11cxx_lib/Release/liblpc_chip_11cxx_lib.a(clock_11xx.o)
 .debug_abbrev  0x00001e84      0x202 /home/bcoste/Stock/PRe/LCPXpresso11C24-dev/workspace/lpc_chip_11cxx_lib/Release/liblpc_chip_11cxx_lib.a(gpio_11xx_2.o)
 .debug_abbrev  0x00002086      0x1e3 /home/bcoste/Stock/PRe/LCPXpresso11C24-dev/workspace/lpc_chip_11cxx_lib/Release/liblpc_chip_11cxx_lib.a(sysinit_11xx.o)
 .debug_abbrev  0x00002269      0x1e2 /home/bcoste/Stock/PRe/LCPXpresso11C24-dev/workspace/lpc_chip_11cxx_lib/Release/liblpc_chip_11cxx_lib.a(timer_11xx.o)
 .debug_abbrev  0x0000244b      0x2f1 /home/bcoste/Stock/PRe/LCPXpresso11C24-dev/workspace/lpc_chip_11cxx_lib/Release/liblpc_chip_11cxx_lib.a(uart_11xx.o)
 .debug_abbrev  0x0000273c       0xda /home/bcoste/Stock/PRe/LCPXpresso11C24-dev/workspace/lpc_chip_11cxx_lib/Release/liblpc_chip_11cxx_lib.a(sysctl_11xx.o)

.debug_loc      0x00000000     0x73a5
 .debug_loc     0x00000000      0x3e4 ./src/calibrate.o
 .debug_loc     0x000003e4      0x1d4 ./src/cr_startup_lpc11xx.o
 .debug_loc     0x000005b8     0x37bf ./src/crypto.o
 .debug_loc     0x00003d77      0x214 ./src/fonction.o
 .debug_loc     0x00003f8b      0x3ea ./src/i2c.o
 .debug_loc     0x00004375       0x85 ./src/imu.o
 .debug_loc     0x000043fa      0x6aa ./src/lMotor.o
 .debug_loc     0x00004aa4       0xa4 ./src/motor.o
 .debug_loc     0x00004b48      0x22f ./src/pinint.o
 .debug_loc     0x00004d77      0x71e ./src/rMotor.o
 .debug_loc     0x00005495       0x70 ./src/step4.o
 .debug_loc     0x00005505       0x73 ./src/timer.o
 .debug_loc     0x00005578      0xbac ./src/uart.o
 .debug_loc     0x00006124       0xc7 /home/bcoste/Stock/PRe/LCPXpresso11C24-dev/workspace/lpc_chip_11cxx_lib/Release/liblpc_chip_11cxx_lib.a(clock_11xx.o)
 .debug_loc     0x000061eb      0x471 /home/bcoste/Stock/PRe/LCPXpresso11C24-dev/workspace/lpc_chip_11cxx_lib/Release/liblpc_chip_11cxx_lib.a(gpio_11xx_2.o)
 .debug_loc     0x0000665c       0x7c /home/bcoste/Stock/PRe/LCPXpresso11C24-dev/workspace/lpc_chip_11cxx_lib/Release/liblpc_chip_11cxx_lib.a(sysinit_11xx.o)
 .debug_loc     0x000066d8      0x17a /home/bcoste/Stock/PRe/LCPXpresso11C24-dev/workspace/lpc_chip_11cxx_lib/Release/liblpc_chip_11cxx_lib.a(timer_11xx.o)
 .debug_loc     0x00006852      0xaa4 /home/bcoste/Stock/PRe/LCPXpresso11C24-dev/workspace/lpc_chip_11cxx_lib/Release/liblpc_chip_11cxx_lib.a(uart_11xx.o)
 .debug_loc     0x000072f6       0xaf /home/bcoste/Stock/PRe/LCPXpresso11C24-dev/workspace/lpc_chip_11cxx_lib/Release/liblpc_chip_11cxx_lib.a(sysctl_11xx.o)

.debug_aranges  0x00000000      0x7e8
 .debug_aranges
                0x00000000       0x30 ./src/calibrate.o
 .debug_aranges
                0x00000030       0x60 ./src/cr_startup_lpc11xx.o
 .debug_aranges
                0x00000090       0x18 ./src/crp.o
 .debug_aranges
                0x000000a8      0x288 ./src/crypto.o
 .debug_aranges
                0x00000330       0x38 ./src/fonction.o
 .debug_aranges
                0x00000368       0x58 ./src/i2c.o
 .debug_aranges
                0x000003c0       0x28 ./src/imu.o
 .debug_aranges
                0x000003e8       0x50 ./src/lMotor.o
 .debug_aranges
                0x00000438       0x50 ./src/motor.o
 .debug_aranges
                0x00000488       0x28 ./src/pinint.o
 .debug_aranges
                0x000004b0       0x50 ./src/rMotor.o
 .debug_aranges
                0x00000500       0x20 ./src/step4.o
 .debug_aranges
                0x00000520       0x20 ./src/sysinit.o
 .debug_aranges
                0x00000540       0x50 ./src/timer.o
 .debug_aranges
                0x00000590       0x90 ./src/uart.o
 .debug_aranges
                0x00000620       0x68 /home/bcoste/Stock/PRe/LCPXpresso11C24-dev/workspace/lpc_chip_11cxx_lib/Release/liblpc_chip_11cxx_lib.a(clock_11xx.o)
 .debug_aranges
                0x00000688       0x50 /home/bcoste/Stock/PRe/LCPXpresso11C24-dev/workspace/lpc_chip_11cxx_lib/Release/liblpc_chip_11cxx_lib.a(gpio_11xx_2.o)
 .debug_aranges
                0x000006d8       0x20 /home/bcoste/Stock/PRe/LCPXpresso11C24-dev/workspace/lpc_chip_11cxx_lib/Release/liblpc_chip_11cxx_lib.a(sysinit_11xx.o)
 .debug_aranges
                0x000006f8       0x38 /home/bcoste/Stock/PRe/LCPXpresso11C24-dev/workspace/lpc_chip_11cxx_lib/Release/liblpc_chip_11cxx_lib.a(timer_11xx.o)
 .debug_aranges
                0x00000730       0x80 /home/bcoste/Stock/PRe/LCPXpresso11C24-dev/workspace/lpc_chip_11cxx_lib/Release/liblpc_chip_11cxx_lib.a(uart_11xx.o)
 .debug_aranges
                0x000007b0       0x38 /home/bcoste/Stock/PRe/LCPXpresso11C24-dev/workspace/lpc_chip_11cxx_lib/Release/liblpc_chip_11cxx_lib.a(sysctl_11xx.o)

.debug_ranges   0x00000000      0xd18
 .debug_ranges  0x00000000       0x20 ./src/calibrate.o
 .debug_ranges  0x00000020       0x50 ./src/cr_startup_lpc11xx.o
 .debug_ranges  0x00000070      0x2f0 ./src/crypto.o
 .debug_ranges  0x00000360       0x28 ./src/fonction.o
 .debug_ranges  0x00000388       0x48 ./src/i2c.o
 .debug_ranges  0x000003d0       0x18 ./src/imu.o
 .debug_ranges  0x000003e8      0x170 ./src/lMotor.o
 .debug_ranges  0x00000558       0x40 ./src/motor.o
 .debug_ranges  0x00000598       0xb0 ./src/pinint.o
 .debug_ranges  0x00000648      0x200 ./src/rMotor.o
 .debug_ranges  0x00000848       0x28 ./src/step4.o
 .debug_ranges  0x00000870       0x10 ./src/sysinit.o
 .debug_ranges  0x00000880       0x78 ./src/timer.o
 .debug_ranges  0x000008f8       0xc8 ./src/uart.o
 .debug_ranges  0x000009c0       0x70 /home/bcoste/Stock/PRe/LCPXpresso11C24-dev/workspace/lpc_chip_11cxx_lib/Release/liblpc_chip_11cxx_lib.a(clock_11xx.o)
 .debug_ranges  0x00000a30       0xb8 /home/bcoste/Stock/PRe/LCPXpresso11C24-dev/workspace/lpc_chip_11cxx_lib/Release/liblpc_chip_11cxx_lib.a(gpio_11xx_2.o)
 .debug_ranges  0x00000ae8       0x60 /home/bcoste/Stock/PRe/LCPXpresso11C24-dev/workspace/lpc_chip_11cxx_lib/Release/liblpc_chip_11cxx_lib.a(sysinit_11xx.o)
 .debug_ranges  0x00000b48       0x58 /home/bcoste/Stock/PRe/LCPXpresso11C24-dev/workspace/lpc_chip_11cxx_lib/Release/liblpc_chip_11cxx_lib.a(timer_11xx.o)
 .debug_ranges  0x00000ba0      0x150 /home/bcoste/Stock/PRe/LCPXpresso11C24-dev/workspace/lpc_chip_11cxx_lib/Release/liblpc_chip_11cxx_lib.a(uart_11xx.o)
 .debug_ranges  0x00000cf0       0x28 /home/bcoste/Stock/PRe/LCPXpresso11C24-dev/workspace/lpc_chip_11cxx_lib/Release/liblpc_chip_11cxx_lib.a(sysctl_11xx.o)

.debug_line     0x00000000     0x3748
 .debug_line    0x00000000      0x1d2 ./src/calibrate.o
 .debug_line    0x000001d2       0x89 ./src/cr_startup_lpc11xx.o
 .debug_line    0x0000025b       0x2d ./src/crp.o
 .debug_line    0x00000288     0x10f6 ./src/crypto.o
 .debug_line    0x0000137e       0xfd ./src/fonction.o
 .debug_line    0x0000147b      0x20a ./src/i2c.o
 .debug_line    0x00001685      0x166 ./src/imu.o
 .debug_line    0x000017eb      0x2e2 ./src/lMotor.o
 .debug_line    0x00001acd      0x17f ./src/motor.o
 .debug_line    0x00001c4c      0x273 ./src/pinint.o
 .debug_line    0x00001ebf      0x303 ./src/rMotor.o
 .debug_line    0x000021c2      0x19c ./src/step4.o
 .debug_line    0x0000235e       0xe4 ./src/sysinit.o
 .debug_line    0x00002442      0x1b4 ./src/timer.o
 .debug_line    0x000025f6      0x56c ./src/uart.o
 .debug_line    0x00002b62      0x201 /home/bcoste/Stock/PRe/LCPXpresso11C24-dev/workspace/lpc_chip_11cxx_lib/Release/liblpc_chip_11cxx_lib.a(clock_11xx.o)
 .debug_line    0x00002d63      0x21a /home/bcoste/Stock/PRe/LCPXpresso11C24-dev/workspace/lpc_chip_11cxx_lib/Release/liblpc_chip_11cxx_lib.a(gpio_11xx_2.o)
 .debug_line    0x00002f7d      0x173 /home/bcoste/Stock/PRe/LCPXpresso11C24-dev/workspace/lpc_chip_11cxx_lib/Release/liblpc_chip_11cxx_lib.a(sysinit_11xx.o)
 .debug_line    0x000030f0      0x19e /home/bcoste/Stock/PRe/LCPXpresso11C24-dev/workspace/lpc_chip_11cxx_lib/Release/liblpc_chip_11cxx_lib.a(timer_11xx.o)
 .debug_line    0x0000328e      0x383 /home/bcoste/Stock/PRe/LCPXpresso11C24-dev/workspace/lpc_chip_11cxx_lib/Release/liblpc_chip_11cxx_lib.a(uart_11xx.o)
 .debug_line    0x00003611      0x137 /home/bcoste/Stock/PRe/LCPXpresso11C24-dev/workspace/lpc_chip_11cxx_lib/Release/liblpc_chip_11cxx_lib.a(sysctl_11xx.o)

.debug_str      0x00000000     0x3aab
 .debug_str     0x00000000      0x36a ./src/calibrate.o
                                0x3b4 (size before relaxing)
 .debug_str     0x0000036a      0x137 ./src/cr_startup_lpc11xx.o
                                0x259 (size before relaxing)
 .debug_str     0x000004a1       0x16 ./src/crp.o
                                0x11e (size before relaxing)
 .debug_str     0x000004b7     0x13a0 ./src/crypto.o
                               0x15e1 (size before relaxing)
 .debug_str     0x00001857       0x8a ./src/fonction.o
                                0x222 (size before relaxing)
 .debug_str     0x000018e1      0x6da ./src/i2c.o
                                0x9df (size before relaxing)
 .debug_str     0x00001fbb       0x26 ./src/imu.o
                                0x3d1 (size before relaxing)
 .debug_str     0x00001fe1      0x457 ./src/lMotor.o
                                0x632 (size before relaxing)
 .debug_str     0x00002438       0x9f ./src/motor.o
                                0x2d6 (size before relaxing)
 .debug_str     0x000024d7      0x29d ./src/pinint.o
                                0x8db (size before relaxing)
 .debug_str     0x00002774       0x2b ./src/rMotor.o
                                0x632 (size before relaxing)
 .debug_str     0x0000279f       0x9e ./src/step4.o
                                0x2e5 (size before relaxing)
 .debug_str     0x0000283d       0x2b ./src/sysinit.o
                                0x1d1 (size before relaxing)
 .debug_str     0x00002868       0x3d ./src/timer.o
                                0x2d5 (size before relaxing)
 .debug_str     0x000028a5      0x2a6 ./src/uart.o
                                0xb56 (size before relaxing)
 .debug_str     0x00002b4b      0x712 /home/bcoste/Stock/PRe/LCPXpresso11C24-dev/workspace/lpc_chip_11cxx_lib/Release/liblpc_chip_11cxx_lib.a(clock_11xx.o)
                                0x999 (size before relaxing)
 .debug_str     0x0000325d      0x334 /home/bcoste/Stock/PRe/LCPXpresso11C24-dev/workspace/lpc_chip_11cxx_lib/Release/liblpc_chip_11cxx_lib.a(gpio_11xx_2.o)
                                0x877 (size before relaxing)
 .debug_str     0x00003591      0x150 /home/bcoste/Stock/PRe/LCPXpresso11C24-dev/workspace/lpc_chip_11cxx_lib/Release/liblpc_chip_11cxx_lib.a(sysinit_11xx.o)
                                0x8a2 (size before relaxing)
 .debug_str     0x000036e1       0xef /home/bcoste/Stock/PRe/LCPXpresso11C24-dev/workspace/lpc_chip_11cxx_lib/Release/liblpc_chip_11cxx_lib.a(timer_11xx.o)
                                0x76a (size before relaxing)
 .debug_str     0x000037d0      0x260 /home/bcoste/Stock/PRe/LCPXpresso11C24-dev/workspace/lpc_chip_11cxx_lib/Release/liblpc_chip_11cxx_lib.a(uart_11xx.o)
                                0x9b3 (size before relaxing)
 .debug_str     0x00003a30       0x7b /home/bcoste/Stock/PRe/LCPXpresso11C24-dev/workspace/lpc_chip_11cxx_lib/Release/liblpc_chip_11cxx_lib.a(sysctl_11xx.o)
                                0x4e9 (size before relaxing)

.comment        0x00000000       0xdc
 .comment       0x00000000       0x6e ./src/calibrate.o
                                 0x6f (size before relaxing)
 .comment       0x0000006e       0x6f ./src/cr_startup_lpc11xx.o
 .comment       0x0000006e       0x6f ./src/crp.o
 .comment       0x0000006e       0x6f ./src/crypto.o
 .comment       0x0000006e       0x6f ./src/fonction.o
 .comment       0x0000006e       0x6f ./src/i2c.o
 .comment       0x0000006e       0x6f ./src/imu.o
 .comment       0x0000006e       0x6f ./src/lMotor.o
 .comment       0x0000006e       0x6f ./src/motor.o
 .comment       0x0000006e       0x6f ./src/pinint.o
 .comment       0x0000006e       0x6f ./src/rMotor.o
 .comment       0x0000006e       0x6f ./src/step4.o
 .comment       0x0000006e       0x6f ./src/sysinit.o
 .comment       0x0000006e       0x6f ./src/timer.o
 .comment       0x0000006e       0x6f ./src/uart.o
 .comment       0x0000006e       0x6f /home/bcoste/Stock/PRe/LCPXpresso11C24-dev/workspace/lpc_chip_11cxx_lib/Release/liblpc_chip_11cxx_lib.a(clock_11xx.o)
 .comment       0x0000006e       0x6f /home/bcoste/Stock/PRe/LCPXpresso11C24-dev/workspace/lpc_chip_11cxx_lib/Release/liblpc_chip_11cxx_lib.a(gpio_11xx_2.o)
 .comment       0x0000006e       0x6f /home/bcoste/Stock/PRe/LCPXpresso11C24-dev/workspace/lpc_chip_11cxx_lib/Release/liblpc_chip_11cxx_lib.a(sysinit_11xx.o)
 .comment       0x0000006e       0x6f /home/bcoste/Stock/PRe/LCPXpresso11C24-dev/workspace/lpc_chip_11cxx_lib/Release/liblpc_chip_11cxx_lib.a(timer_11xx.o)
 .comment       0x0000006e       0x6f /home/bcoste/Stock/PRe/LCPXpresso11C24-dev/workspace/lpc_chip_11cxx_lib/Release/liblpc_chip_11cxx_lib.a(uart_11xx.o)
 .comment       0x0000006e       0x6f /home/bcoste/Stock/PRe/LCPXpresso11C24-dev/workspace/lpc_chip_11cxx_lib/Release/liblpc_chip_11cxx_lib.a(sysctl_11xx.o)
 .comment       0x0000006e       0x6e /usr/local/lpcxpresso_8.2.2_650/lpcxpresso/tools/bin/../lib/gcc/arm-none-eabi/5.4.1/../../../../arm-none-eabi/lib/armv6-m/libcr_c.a(memcpy.o)
                                 0x6f (size before relaxing)
 .comment       0x000000dc       0x6f /usr/local/lpcxpresso_8.2.2_650/lpcxpresso/tools/bin/../lib/gcc/arm-none-eabi/5.4.1/../../../../arm-none-eabi/lib/armv6-m/libcr_c.a(memset.o)
 .comment       0x000000dc       0x6f /usr/local/lpcxpresso_8.2.2_650/lpcxpresso/tools/bin/../lib/gcc/arm-none-eabi/5.4.1/../../../../arm-none-eabi/lib/armv6-m/libcr_c.a(__weak__main.o)
 .comment       0x000000dc       0x6f /usr/local/lpcxpresso_8.2.2_650/lpcxpresso/tools/bin/../lib/gcc/arm-none-eabi/5.4.1/../../../../arm-none-eabi/lib/armv6-m/libcr_c.a(atan2.o)
 .comment       0x000000dc       0x6f /usr/local/lpcxpresso_8.2.2_650/lpcxpresso/tools/bin/../lib/gcc/arm-none-eabi/5.4.1/../../../../arm-none-eabi/lib/armv6-m/libcr_c.a(errno.o)
 .comment       0x000000dc       0x6f /usr/local/lpcxpresso_8.2.2_650/lpcxpresso/tools/bin/../lib/gcc/arm-none-eabi/5.4.1/../../../../arm-none-eabi/lib/armv6-m/libcr_c.a(fabs.o)
 .comment       0x000000dc       0x6f /usr/local/lpcxpresso_8.2.2_650/lpcxpresso/tools/bin/../lib/gcc/arm-none-eabi/5.4.1/../../../../arm-none-eabi/lib/armv6-m/libcr_c.a(floor.o)
 .comment       0x000000dc       0x6f /usr/local/lpcxpresso_8.2.2_650/lpcxpresso/tools/bin/../lib/gcc/arm-none-eabi/5.4.1/../../../../arm-none-eabi/lib/armv6-m/libcr_c.a(stdlib.o)
 .comment       0x000000dc       0x6f /usr/local/lpcxpresso_8.2.2_650/lpcxpresso/tools/bin/../lib/gcc/arm-none-eabi/5.4.1/../../../../arm-none-eabi/lib/armv6-m/libcr_c.a(_hugeval.o)
 .comment       0x000000dc       0x6f /usr/local/lpcxpresso_8.2.2_650/lpcxpresso/tools/bin/../lib/gcc/arm-none-eabi/5.4.1/../../../../arm-none-eabi/lib/armv6-m/libcr_c.a(atan.o)
 .comment       0x000000dc       0x6f /usr/local/lpcxpresso_8.2.2_650/lpcxpresso/tools/bin/../lib/gcc/arm-none-eabi/5.4.1/armv6-m/libcr_eabihelpers.a(double.o)
 .comment       0x000000dc       0x6f /usr/local/lpcxpresso_8.2.2_650/lpcxpresso/tools/bin/../lib/gcc/arm-none-eabi/5.4.1/armv6-m/libcr_eabihelpers.a(float.o)

.ARM.attributes
                0x00000000       0x2f
 .ARM.attributes
                0x00000000       0x31 ./src/calibrate.o
 .ARM.attributes
                0x00000031       0x31 ./src/cr_startup_lpc11xx.o
 .ARM.attributes
                0x00000062       0x31 ./src/crp.o
 .ARM.attributes
                0x00000093       0x31 ./src/crypto.o
 .ARM.attributes
                0x000000c4       0x31 ./src/fonction.o
 .ARM.attributes
                0x000000f5       0x31 ./src/i2c.o
 .ARM.attributes
                0x00000126       0x31 ./src/imu.o
 .ARM.attributes
                0x00000157       0x31 ./src/lMotor.o
 .ARM.attributes
                0x00000188       0x31 ./src/motor.o
 .ARM.attributes
                0x000001b9       0x31 ./src/pinint.o
 .ARM.attributes
                0x000001ea       0x31 ./src/rMotor.o
 .ARM.attributes
                0x0000021b       0x31 ./src/step4.o
 .ARM.attributes
                0x0000024c       0x31 ./src/sysinit.o
 .ARM.attributes
                0x0000027d       0x31 ./src/timer.o
 .ARM.attributes
                0x000002ae       0x31 ./src/uart.o
 .ARM.attributes
                0x000002df       0x31 /home/bcoste/Stock/PRe/LCPXpresso11C24-dev/workspace/lpc_chip_11cxx_lib/Release/liblpc_chip_11cxx_lib.a(clock_11xx.o)
 .ARM.attributes
                0x00000310       0x31 /home/bcoste/Stock/PRe/LCPXpresso11C24-dev/workspace/lpc_chip_11cxx_lib/Release/liblpc_chip_11cxx_lib.a(gpio_11xx_2.o)
 .ARM.attributes
                0x00000341       0x31 /home/bcoste/Stock/PRe/LCPXpresso11C24-dev/workspace/lpc_chip_11cxx_lib/Release/liblpc_chip_11cxx_lib.a(sysinit_11xx.o)
 .ARM.attributes
                0x00000372       0x31 /home/bcoste/Stock/PRe/LCPXpresso11C24-dev/workspace/lpc_chip_11cxx_lib/Release/liblpc_chip_11cxx_lib.a(timer_11xx.o)
 .ARM.attributes
                0x000003a3       0x31 /home/bcoste/Stock/PRe/LCPXpresso11C24-dev/workspace/lpc_chip_11cxx_lib/Release/liblpc_chip_11cxx_lib.a(uart_11xx.o)
 .ARM.attributes
                0x000003d4       0x31 /home/bcoste/Stock/PRe/LCPXpresso11C24-dev/workspace/lpc_chip_11cxx_lib/Release/liblpc_chip_11cxx_lib.a(sysctl_11xx.o)
 .ARM.attributes
                0x00000405       0x31 /usr/local/lpcxpresso_8.2.2_650/lpcxpresso/tools/bin/../lib/gcc/arm-none-eabi/5.4.1/../../../../arm-none-eabi/lib/armv6-m/libcr_c.a(memcpy.o)
 .ARM.attributes
                0x00000436       0x31 /usr/local/lpcxpresso_8.2.2_650/lpcxpresso/tools/bin/../lib/gcc/arm-none-eabi/5.4.1/../../../../arm-none-eabi/lib/armv6-m/libcr_c.a(memset.o)
 .ARM.attributes
                0x00000467       0x31 /usr/local/lpcxpresso_8.2.2_650/lpcxpresso/tools/bin/../lib/gcc/arm-none-eabi/5.4.1/../../../../arm-none-eabi/lib/armv6-m/libcr_c.a(__weak__main.o)
 .ARM.attributes
                0x00000498       0x31 /usr/local/lpcxpresso_8.2.2_650/lpcxpresso/tools/bin/../lib/gcc/arm-none-eabi/5.4.1/../../../../arm-none-eabi/lib/armv6-m/libcr_c.a(atan2.o)
 .ARM.attributes
                0x000004c9       0x31 /usr/local/lpcxpresso_8.2.2_650/lpcxpresso/tools/bin/../lib/gcc/arm-none-eabi/5.4.1/../../../../arm-none-eabi/lib/armv6-m/libcr_c.a(errno.o)
 .ARM.attributes
                0x000004fa       0x31 /usr/local/lpcxpresso_8.2.2_650/lpcxpresso/tools/bin/../lib/gcc/arm-none-eabi/5.4.1/../../../../arm-none-eabi/lib/armv6-m/libcr_c.a(fabs.o)
 .ARM.attributes
                0x0000052b       0x31 /usr/local/lpcxpresso_8.2.2_650/lpcxpresso/tools/bin/../lib/gcc/arm-none-eabi/5.4.1/../../../../arm-none-eabi/lib/armv6-m/libcr_c.a(floor.o)
 .ARM.attributes
                0x0000055c       0x31 /usr/local/lpcxpresso_8.2.2_650/lpcxpresso/tools/bin/../lib/gcc/arm-none-eabi/5.4.1/../../../../arm-none-eabi/lib/armv6-m/libcr_c.a(stdlib.o)
 .ARM.attributes
                0x0000058d       0x31 /usr/local/lpcxpresso_8.2.2_650/lpcxpresso/tools/bin/../lib/gcc/arm-none-eabi/5.4.1/../../../../arm-none-eabi/lib/armv6-m/libcr_c.a(_hugeval.o)
 .ARM.attributes
                0x000005be       0x31 /usr/local/lpcxpresso_8.2.2_650/lpcxpresso/tools/bin/../lib/gcc/arm-none-eabi/5.4.1/../../../../arm-none-eabi/lib/armv6-m/libcr_c.a(atan.o)
 .ARM.attributes
                0x000005ef       0x21 /usr/local/lpcxpresso_8.2.2_650/lpcxpresso/tools/bin/../lib/gcc/arm-none-eabi/5.4.1/armv6-m/libcr_eabihelpers.a(division_32.o)
 .ARM.attributes
                0x00000610       0x21 /usr/local/lpcxpresso_8.2.2_650/lpcxpresso/tools/bin/../lib/gcc/arm-none-eabi/5.4.1/armv6-m/libcr_eabihelpers.a(division_idiv0.o)
 .ARM.attributes
                0x00000631       0x31 /usr/local/lpcxpresso_8.2.2_650/lpcxpresso/tools/bin/../lib/gcc/arm-none-eabi/5.4.1/armv6-m/libcr_eabihelpers.a(double.o)
 .ARM.attributes
                0x00000662       0x31 /usr/local/lpcxpresso_8.2.2_650/lpcxpresso/tools/bin/../lib/gcc/arm-none-eabi/5.4.1/armv6-m/libcr_eabihelpers.a(float.o)
 .ARM.attributes
                0x00000693       0x21 /usr/local/lpcxpresso_8.2.2_650/lpcxpresso/tools/bin/../lib/gcc/arm-none-eabi/5.4.1/armv6-m/libcr_eabihelpers.a(llong.o)
 .ARM.attributes
                0x000006b4       0x21 /usr/local/lpcxpresso_8.2.2_650/lpcxpresso/tools/bin/../lib/gcc/arm-none-eabi/5.4.1/armv6-m/libcr_eabihelpers.a(memcpy.o)

.debug_frame    0x00000000     0x13d4
 .debug_frame   0x00000000       0x74 ./src/calibrate.o
 .debug_frame   0x00000074       0xb0 ./src/cr_startup_lpc11xx.o
 .debug_frame   0x00000124      0x80c ./src/crypto.o
 .debug_frame   0x00000930       0x68 ./src/fonction.o
 .debug_frame   0x00000998       0xe0 ./src/i2c.o
 .debug_frame   0x00000a78       0x40 ./src/imu.o
 .debug_frame   0x00000ab8       0xb8 ./src/lMotor.o
 .debug_frame   0x00000b70       0xb8 ./src/motor.o
 .debug_frame   0x00000c28       0x48 ./src/pinint.o
 .debug_frame   0x00000c70       0xb0 ./src/rMotor.o
 .debug_frame   0x00000d20       0x2c ./src/step4.o
 .debug_frame   0x00000d4c       0x28 ./src/sysinit.o
 .debug_frame   0x00000d74       0xa8 ./src/timer.o
 .debug_frame   0x00000e1c      0x1c8 ./src/uart.o
 .debug_frame   0x00000fe4       0xd0 /home/bcoste/Stock/PRe/LCPXpresso11C24-dev/workspace/lpc_chip_11cxx_lib/Release/liblpc_chip_11cxx_lib.a(clock_11xx.o)
 .debug_frame   0x000010b4       0xb0 /home/bcoste/Stock/PRe/LCPXpresso11C24-dev/workspace/lpc_chip_11cxx_lib/Release/liblpc_chip_11cxx_lib.a(gpio_11xx_2.o)
 .debug_frame   0x00001164       0x28 /home/bcoste/Stock/PRe/LCPXpresso11C24-dev/workspace/lpc_chip_11cxx_lib/Release/liblpc_chip_11cxx_lib.a(sysinit_11xx.o)
 .debug_frame   0x0000118c       0x60 /home/bcoste/Stock/PRe/LCPXpresso11C24-dev/workspace/lpc_chip_11cxx_lib/Release/liblpc_chip_11cxx_lib.a(timer_11xx.o)
 .debug_frame   0x000011ec      0x190 /home/bcoste/Stock/PRe/LCPXpresso11C24-dev/workspace/lpc_chip_11cxx_lib/Release/liblpc_chip_11cxx_lib.a(uart_11xx.o)
 .debug_frame   0x0000137c       0x58 /home/bcoste/Stock/PRe/LCPXpresso11C24-dev/workspace/lpc_chip_11cxx_lib/Release/liblpc_chip_11cxx_lib.a(sysctl_11xx.o)
