Archive member included to satisfy reference by file (symbol)

/home/bcoste/Stock/PRe/LCPXpresso11C24-dev/workspace/lpc_chip_11cxx_lib/Release/liblpc_chip_11cxx_lib.a(clock_11xx.o)
                              ./src/lMotor.o (Chip_Clock_GetSystemClockRate)
/home/bcoste/Stock/PRe/LCPXpresso11C24-dev/workspace/lpc_chip_11cxx_lib/Release/liblpc_chip_11cxx_lib.a(gpio_11xx_2.o)
                              ./src/step4.o (Chip_GPIO_Init)
/home/bcoste/Stock/PRe/LCPXpresso11C24-dev/workspace/lpc_chip_11cxx_lib/Release/liblpc_chip_11cxx_lib.a(sysinit_11xx.o)
                              ./src/sysinit.o (Chip_SystemInit)
/home/bcoste/Stock/PRe/LCPXpresso11C24-dev/workspace/lpc_chip_11cxx_lib/Release/liblpc_chip_11cxx_lib.a(timer_11xx.o)
                              ./src/lMotor.o (Chip_TIMER_Init)
/home/bcoste/Stock/PRe/LCPXpresso11C24-dev/workspace/lpc_chip_11cxx_lib/Release/liblpc_chip_11cxx_lib.a(uart_11xx.o)
                              ./src/uart.o (Chip_UART_Init)
/home/bcoste/Stock/PRe/LCPXpresso11C24-dev/workspace/lpc_chip_11cxx_lib/Release/liblpc_chip_11cxx_lib.a(ring_buffer.o)
                              /home/bcoste/Stock/PRe/LCPXpresso11C24-dev/workspace/lpc_chip_11cxx_lib/Release/liblpc_chip_11cxx_lib.a(uart_11xx.o) (RingBuffer_Insert)
/home/bcoste/Stock/PRe/LCPXpresso11C24-dev/workspace/lpc_chip_11cxx_lib/Release/liblpc_chip_11cxx_lib.a(sysctl_11xx.o)
                              /home/bcoste/Stock/PRe/LCPXpresso11C24-dev/workspace/lpc_chip_11cxx_lib/Release/liblpc_chip_11cxx_lib.a(sysinit_11xx.o) (Chip_SYSCTL_PowerDown)
/usr/local/lpcxpresso_8.2.2_650/lpcxpresso/tools/bin/../lib/gcc/arm-none-eabi/5.4.1/../../../../arm-none-eabi/lib/armv6-m/libcr_c.a(memcpy.o)
                              ./src/crypto.o (memcpy)
/usr/local/lpcxpresso_8.2.2_650/lpcxpresso/tools/bin/../lib/gcc/arm-none-eabi/5.4.1/../../../../arm-none-eabi/lib/armv6-m/libcr_c.a(memset.o)
                              ./src/crypto.o (memset)
/usr/local/lpcxpresso_8.2.2_650/lpcxpresso/tools/bin/../lib/gcc/arm-none-eabi/5.4.1/../../../../arm-none-eabi/lib/armv6-m/libcr_c.a(__weak__main.o)
                              ./src/cr_startup_lpc11xx.o (__main)
/usr/local/lpcxpresso_8.2.2_650/lpcxpresso/tools/bin/../lib/gcc/arm-none-eabi/5.4.1/../../../../arm-none-eabi/lib/armv6-m/libcr_c.a(atan2.o)
                              ./src/pinint.o (atan2)
/usr/local/lpcxpresso_8.2.2_650/lpcxpresso/tools/bin/../lib/gcc/arm-none-eabi/5.4.1/../../../../arm-none-eabi/lib/armv6-m/libcr_c.a(errno.o)
                              /usr/local/lpcxpresso_8.2.2_650/lpcxpresso/tools/bin/../lib/gcc/arm-none-eabi/5.4.1/../../../../arm-none-eabi/lib/armv6-m/libcr_c.a(atan2.o) (errno)
/usr/local/lpcxpresso_8.2.2_650/lpcxpresso/tools/bin/../lib/gcc/arm-none-eabi/5.4.1/../../../../arm-none-eabi/lib/armv6-m/libcr_c.a(fabs.o)
                              /usr/local/lpcxpresso_8.2.2_650/lpcxpresso/tools/bin/../lib/gcc/arm-none-eabi/5.4.1/../../../../arm-none-eabi/lib/armv6-m/libcr_c.a(atan2.o) (fabs)
/usr/local/lpcxpresso_8.2.2_650/lpcxpresso/tools/bin/../lib/gcc/arm-none-eabi/5.4.1/../../../../arm-none-eabi/lib/armv6-m/libcr_c.a(floor.o)
                              ./src/motor.o (floor)
/usr/local/lpcxpresso_8.2.2_650/lpcxpresso/tools/bin/../lib/gcc/arm-none-eabi/5.4.1/../../../../arm-none-eabi/lib/armv6-m/libcr_c.a(itoa.o)
                              ./src/uart.o (itoa)
/usr/local/lpcxpresso_8.2.2_650/lpcxpresso/tools/bin/../lib/gcc/arm-none-eabi/5.4.1/../../../../arm-none-eabi/lib/armv6-m/libcr_c.a(pow.o)
                              ./src/uart.o (pow)
/usr/local/lpcxpresso_8.2.2_650/lpcxpresso/tools/bin/../lib/gcc/arm-none-eabi/5.4.1/../../../../arm-none-eabi/lib/armv6-m/libcr_c.a(stdlib.o)
                              ./src/calibrate.o (abs)
/usr/local/lpcxpresso_8.2.2_650/lpcxpresso/tools/bin/../lib/gcc/arm-none-eabi/5.4.1/../../../../arm-none-eabi/lib/armv6-m/libcr_c.a(_hugeval.o)
                              /usr/local/lpcxpresso_8.2.2_650/lpcxpresso/tools/bin/../lib/gcc/arm-none-eabi/5.4.1/../../../../arm-none-eabi/lib/armv6-m/libcr_c.a(atan2.o) (__huge_val)
/usr/local/lpcxpresso_8.2.2_650/lpcxpresso/tools/bin/../lib/gcc/arm-none-eabi/5.4.1/../../../../arm-none-eabi/lib/armv6-m/libcr_c.a(atan.o)
                              /usr/local/lpcxpresso_8.2.2_650/lpcxpresso/tools/bin/../lib/gcc/arm-none-eabi/5.4.1/../../../../arm-none-eabi/lib/armv6-m/libcr_c.a(atan2.o) (atan)
/usr/local/lpcxpresso_8.2.2_650/lpcxpresso/tools/bin/../lib/gcc/arm-none-eabi/5.4.1/../../../../arm-none-eabi/lib/armv6-m/libcr_c.a(frexp.o)
                              /usr/local/lpcxpresso_8.2.2_650/lpcxpresso/tools/bin/../lib/gcc/arm-none-eabi/5.4.1/../../../../arm-none-eabi/lib/armv6-m/libcr_c.a(pow.o) (frexp)
/usr/local/lpcxpresso_8.2.2_650/lpcxpresso/tools/bin/../lib/gcc/arm-none-eabi/5.4.1/../../../../arm-none-eabi/lib/armv6-m/libcr_c.a(initio.o)
[...]
Memory Configuration

Name             Origin             Length             Attributes
MFlash32         0x00000000         0x00008000         xr
RamLoc8          0x10000000         0x00002000         xrw
*default*        0x00000000         0xffffffff

Linker script and memory map

LOAD ./src/calibrate.o
LOAD ./src/cr_startup_lpc11xx.o
LOAD ./src/crp.o
LOAD ./src/crypto.o
LOAD ./src/fonction.o
LOAD ./src/i2c.o
LOAD ./src/imu.o
LOAD ./src/lMotor.o
LOAD ./src/motor.o
LOAD ./src/pinint.o
LOAD ./src/rMotor.o
LOAD ./src/step4.o
LOAD ./src/sysinit.o
LOAD ./src/timer.o
LOAD ./src/uart.o
LOAD /home/bcoste/Stock/PRe/LCPXpresso11C24-dev/workspace/lpc_chip_11cxx_lib/Release/liblpc_chip_11cxx_lib.a
START GROUP
LOAD /usr/local/lpcxpresso_8.2.2_650/lpcxpresso/tools/bin/../lib/gcc/arm-none-eabi/5.4.1/../../../../arm-none-eabi/lib/armv6-m/libcr_c.a
LOAD /usr/local/lpcxpresso_8.2.2_650/lpcxpresso/tools/bin/../lib/gcc/arm-none-eabi/5.4.1/armv6-m/libcr_eabihelpers.a
END GROUP
                0x00000000                __base_MFlash32 = 0x0
                0x00000000                __base_Flash = 0x0
                0x00008000                __top_MFlash32 = 0x8000
                0x00008000                __top_Flash = 0x8000
                0x10000000                __base_RamLoc8 = 0x10000000
                0x10000000                __base_RAM = 0x10000000
                0x10002000                __top_RamLoc8 = 0x10002000
                0x10002000                __top_RAM = 0x10002000

.text           0x00000000     0x3298
 FILL mask 0xff
                0x00000000                __vectors_start__ = ABSOLUTE (.)
 *(.isr_vector)
 .isr_vector    0x00000000       0xc0 ./src/cr_startup_lpc11xx.o
                0x00000000                g_pfnVectors
                0x000000c0                . = ALIGN (0x4)
                0x000000c0                __section_table_start = .
                0x000000c0                __data_section_table = .
                0x000000c0        0x4 LONG 0x3298 LOADADDR (.data)
                0x000000c4        0x4 LONG 0x10000000 ADDR (.data)
                0x000000c8        0x4 LONG 0x10 SIZEOF (.data)
                0x000000cc                __data_section_table_end = .
                0x000000cc                __bss_section_table = .
                0x000000cc        0x4 LONG 0x10000010 ADDR (.bss)
                0x000000d0        0x4 LONG 0xe0 SIZEOF (.bss)
                0x000000d4                __bss_section_table_end = .
                0x000000d4                __section_table_end = .
 *(.after_vectors*)
 .after_vectors
                0x000000d4       0x70 ./src/cr_startup_lpc11xx.o
                0x000000d4                NMI_Handler
                0x000000d6                HardFault_Handler
                0x000000d8                SVC_Handler
                0x000000da                PendSV_Handler
                0x000000dc                SysTick_Handler
                0x000000de                TIMER16_0_IRQHandler
                0x000000de                UART_IRQHandler
                0x000000de                TIMER32_0_IRQHandler
                0x000000de                TIMER32_1_IRQHandler
                0x000000de                IntDefaultHandler
                0x000000de                CAN_IRQHandler
                0x000000de                SSP0_IRQHandler
                0x000000de                TIMER16_1_IRQHandler
                0x000000de                ADC_IRQHandler
                0x000000de                SSP1_IRQHandler
                0x000000de                PIOINT2_IRQHandler
                0x000000de                BOD_IRQHandler
                0x000000de                WAKEUP_IRQHandler
                0x000000de                PIOINT0_IRQHandler
                0x000000de                WDT_IRQHandler
                0x000000de                PIOINT3_IRQHandler
                0x000000e0                data_init
                0x000000f2                bss_init
                0x00000102                ResetISR
                0x000002fc                . = 0x2fc
 *fill*         0x00000144      0x1b8 ff
                0x000002fc                PROVIDE (__CRP_WORD_START__, .)
 *(.crp)
 .crp           0x000002fc        0x4 ./src/crp.o
                0x000002fc                CRP_WORD
                0x00000300                PROVIDE (__CRP_WORD_END__, .)
                0x00000001                ASSERT (! ((__CRP_WORD_START__ == __CRP_WORD_END__)), Linker CRP Enabled, but no CRP_WORD provided within application)
 *(.text*)
 .text.calculate_mean
                0x00000300       0x98 ./src/calibrate.o
                0x00000300                calculate_mean
 .text.set_offset
                0x00000398       0xfc ./src/calibrate.o
                0x00000398                set_offset
 .text.calculate_offset
                0x00000494      0x110 ./src/calibrate.o
                0x00000494                calculate_offset
 .text.translate
                0x000005a4       0x1a ./src/fonction.o
                0x000005a4                translate
 *fill*         0x000005be        0x2 ff
 .text.I2C_Write_Blocking.part.0
                0x000005c0       0x80 ./src/i2c.o
 .text.I2C_Write_Blocking_1B
                0x00000640       0x12 ./src/i2c.o
                0x00000640                I2C_Write_Blocking_1B
 *fill*         0x00000652        0x2 ff
 .text.I2C_Read_nBlocking
                0x00000654       0x54 ./src/i2c.o
                0x00000654                I2C_Read_nBlocking
 .text.I2C_Read_Blocking
                0x000006a8       0x5c ./src/i2c.o
                0x000006a8                I2C_Read_Blocking
 .text.I2CDriver
                0x00000704      0x148 ./src/i2c.o
                0x00000704                I2CDriver
 .text.I2C_IRQHandler
                0x0000084c       0xd4 ./src/i2c.o
                0x0000084c                I2C_IRQHandler
 .text.I2CInit  0x00000920       0x84 ./src/i2c.o
                0x00000920                I2CInit
 .text.Init_IMU
                0x000009a4       0xd8 ./src/imu.o
                0x000009a4                Init_IMU
 .text.IMU_Read_Values
                0x00000a7c        0xe ./src/imu.o
                0x00000a7c                IMU_Read_Values
 *fill*         0x00000a8a        0x2 ff
 .text.Init_lMotor
                0x00000a8c       0x80 ./src/lMotor.o
                0x00000a8c                Init_lMotor
 .text.lMotor_changeDir
                0x00000b0c       0x6c ./src/lMotor.o
                0x00000b0c                lMotor_changeDir
 .text.lMotor_Backward
                0x00000b78       0x34 ./src/lMotor.o
                0x00000b78                lMotor_Backward
 .text.lMotor_Forward
                0x00000bac       0x34 ./src/lMotor.o
                0x00000bac                lMotor_Forward
 .text.lMotor_Start
                0x00000be0       0x28 ./src/lMotor.o
                0x00000be0                lMotor_Start
 .text.Init_Motor
                0x00000c08        0xc ./src/motor.o
                0x00000c08                Init_Motor
 .text.Motor_Start
                0x00000c14        0xc ./src/motor.o
                0x00000c14                Motor_Start
 .text.Motor_Backward
                0x00000c20       0x10 ./src/motor.o
                0x00000c20                Motor_Backward
 .text.Motor_Forward
                0x00000c30       0x10 ./src/motor.o
                0x00000c30                Motor_Forward
 .text.Motor_setPower
                0x00000c40       0x3e ./src/motor.o
                0x00000c40                Motor_setPower
 *fill*         0x00000c7e        0x2 ff
 .text.Init_PININT
                0x00000c80       0x70 ./src/pinint.o
                0x00000c80                Init_PININT
 .text.PIOINT1_IRQHandler
                0x00000cf0      0x198 ./src/pinint.o
                0x00000cf0                PIOINT1_IRQHandler
 .text.Init_rMotor
                0x00000e88       0x88 ./src/rMotor.o
                0x00000e88                Init_rMotor
 .text.rMotor_changeDir
                0x00000f10       0x64 ./src/rMotor.o
                0x00000f10                rMotor_changeDir
 .text.rMotor_isForward
                0x00000f74       0x10 ./src/rMotor.o
                0x00000f74                rMotor_isForward
 .text.rMotor_Backward
                0x00000f84       0x34 ./src/rMotor.o
                0x00000f84                rMotor_Backward
 .text.rMotor_Forward
                0x00000fb8       0x34 ./src/rMotor.o
                0x00000fb8                rMotor_Forward
 .text.rMotor_Start
                0x00000fec       0x28 ./src/rMotor.o
                0x00000fec                rMotor_Start
 .text.startup.main
                0x00001014       0x3c ./src/step4.o
                0x00001014                main
 .text.SystemInit
                0x00001050        0x8 ./src/sysinit.o
                0x00001050                SystemInit
 .text.Init_TIMER
                0x00001058       0x28 ./src/timer.o
                0x00001058                Init_TIMER
 .text.TIMER_Reset
                0x00001080       0x10 ./src/timer.o
                0x00001080                TIMER_Reset
 .text.TIMER_Start
                0x00001090       0x18 ./src/timer.o
                0x00001090                TIMER_Start
 .text.TIMER_Wait_Till
                0x000010a8       0x10 ./src/timer.o
                0x000010a8                TIMER_Wait_Till
 .text.TIMER_Stop
                0x000010b8       0x18 ./src/timer.o
                0x000010b8                TIMER_Stop
 .text.Init_UART
                0x000010d0       0x40 ./src/uart.o
                0x000010d0                Init_UART
 .text.UART_PutCHAR
                0x00001110       0x18 ./src/uart.o
                0x00001110                UART_PutCHAR
 .text.UART_PutSTR
                0x00001128       0x14 ./src/uart.o
                0x00001128                UART_PutSTR
 .text.cleanBuffer
                0x0000113c       0x2c ./src/uart.o
 .text.UART_PutFLOAT
                0x00001168      0x100 ./src/uart.o
                0x00001168                UART_PutFLOAT
 .text.UART_PutPID
                0x00001268       0x68 ./src/uart.o
 .text.UART_Read_max_nB
                0x000012d0       0x2c ./src/uart.o
                0x000012d0                UART_Read_max_nB
 .text.UART_Read_PID
                0x000012fc      0x26c ./src/uart.o
                0x000012fc                UART_Read_PID
 .text.Chip_Clock_SetSystemPLLSource
                0x00001568       0x14 /home/bcoste/Stock/PRe/LCPXpresso11C24-dev/workspace/lpc_chip_11cxx_lib/Release/liblpc_chip_11cxx_lib.a(clock_11xx.o)
                0x00001568                Chip_Clock_SetSystemPLLSource
 .text.Chip_Clock_SetMainClockSource
                0x0000157c       0x14 /home/bcoste/Stock/PRe/LCPXpresso11C24-dev/workspace/lpc_chip_11cxx_lib/Release/liblpc_chip_11cxx_lib.a(clock_11xx.o)
                0x0000157c                Chip_Clock_SetMainClockSource
 .text.Chip_Clock_GetWDTOSCRate
                0x00001590       0x28 /home/bcoste/Stock/PRe/LCPXpresso11C24-dev/workspace/lpc_chip_11cxx_lib/Release/liblpc_chip_11cxx_lib.a(clock_11xx.o)
                0x00001590                Chip_Clock_GetWDTOSCRate
 .text.Chip_Clock_GetSystemPLLInClockRate
                0x000015b8       0x28 /home/bcoste/Stock/PRe/LCPXpresso11C24-dev/workspace/lpc_chip_11cxx_lib/Release/liblpc_chip_11cxx_lib.a(clock_11xx.o)
                0x000015b8                Chip_Clock_GetSystemPLLInClockRate
 .text.Chip_Clock_GetSystemPLLOutClockRate
                0x000015e0       0x18 /home/bcoste/Stock/PRe/LCPXpresso11C24-dev/workspace/lpc_chip_11cxx_lib/Release/liblpc_chip_11cxx_lib.a(clock_11xx.o)
                0x000015e0                Chip_Clock_GetSystemPLLOutClockRate
 .text.Chip_Clock_GetMainClockRate
                0x000015f8       0x34 /home/bcoste/Stock/PRe/LCPXpresso11C24-dev/workspace/lpc_chip_11cxx_lib/Release/liblpc_chip_11cxx_lib.a(clock_11xx.o)
                0x000015f8                Chip_Clock_GetMainClockRate
 .text.Chip_Clock_GetSystemClockRate
                0x0000162c       0x14 /home/bcoste/Stock/PRe/LCPXpresso11C24-dev/workspace/lpc_chip_11cxx_lib/Release/liblpc_chip_11cxx_lib.a(clock_11xx.o)
                0x0000162c                Chip_Clock_GetSystemClockRate
 .text.Chip_GPIO_Init
                0x00001640       0x10 /home/bcoste/Stock/PRe/LCPXpresso11C24-dev/workspace/lpc_chip_11cxx_lib/Release/liblpc_chip_11cxx_lib.a(gpio_11xx_2.o)
                0x00001640                Chip_GPIO_Init
 .text.Chip_GPIO_SetupPinInt
                0x00001650       0x5c /home/bcoste/Stock/PRe/LCPXpresso11C24-dev/workspace/lpc_chip_11cxx_lib/Release/liblpc_chip_11cxx_lib.a(gpio_11xx_2.o)
                0x00001650                Chip_GPIO_SetupPinInt
 .text.Chip_SystemInit
                0x000016ac       0x60 /home/bcoste/Stock/PRe/LCPXpresso11C24-dev/workspace/lpc_chip_11cxx_lib/Release/liblpc_chip_11cxx_lib.a(sysinit_11xx.o)
                0x000016ac                Chip_SystemInit
 .text.Chip_TIMER_Init
                0x0000170c       0x3c /home/bcoste/Stock/PRe/LCPXpresso11C24-dev/workspace/lpc_chip_11cxx_lib/Release/liblpc_chip_11cxx_lib.a(timer_11xx.o)
                0x0000170c                Chip_TIMER_Init
 .text.Chip_TIMER_Reset
                0x00001748       0x18 /home/bcoste/Stock/PRe/LCPXpresso11C24-dev/workspace/lpc_chip_11cxx_lib/Release/liblpc_chip_11cxx_lib.a(timer_11xx.o)
                0x00001748                Chip_TIMER_Reset
 .text.Chip_UART_Init
                0x00001760       0x28 /home/bcoste/Stock/PRe/LCPXpresso11C24-dev/workspace/lpc_chip_11cxx_lib/Release/liblpc_chip_11cxx_lib.a(uart_11xx.o)
                0x00001760                Chip_UART_Init
 .text.Chip_UART_Send
                0x00001788       0x1c /home/bcoste/Stock/PRe/LCPXpresso11C24-dev/workspace/lpc_chip_11cxx_lib/Release/liblpc_chip_11cxx_lib.a(uart_11xx.o)
                0x00001788                Chip_UART_Send
 .text.Chip_UART_SendBlocking
                0x000017a4       0x24 /home/bcoste/Stock/PRe/LCPXpresso11C24-dev/workspace/lpc_chip_11cxx_lib/Release/liblpc_chip_11cxx_lib.a(uart_11xx.o)
                0x000017a4                Chip_UART_SendBlocking
 .text.Chip_UART_Read
                0x000017c8       0x1c /home/bcoste/Stock/PRe/LCPXpresso11C24-dev/workspace/lpc_chip_11cxx_lib/Release/liblpc_chip_11cxx_lib.a(uart_11xx.o)
                0x000017c8                Chip_UART_Read
 .text.Chip_UART_SetBaud
                0x000017e4       0x38 /home/bcoste/Stock/PRe/LCPXpresso11C24-dev/workspace/lpc_chip_11cxx_lib/Release/liblpc_chip_11cxx_lib.a(uart_11xx.o)
                0x000017e4                Chip_UART_SetBaud
 .text.Chip_SYSCTL_PowerDown
                0x0000181c       0x1c /home/bcoste/Stock/PRe/LCPXpresso11C24-dev/workspace/lpc_chip_11cxx_lib/Release/liblpc_chip_11cxx_lib.a(sysctl_11xx.o)
                0x0000181c                Chip_SYSCTL_PowerDown
 .text.Chip_SYSCTL_PowerUp
                0x00001838       0x20 /home/bcoste/Stock/PRe/LCPXpresso11C24-dev/workspace/lpc_chip_11cxx_lib/Release/liblpc_chip_11cxx_lib.a(sysctl_11xx.o)
                0x00001838                Chip_SYSCTL_PowerUp
 .text.__weak_main
                0x00001858        0x8 /usr/local/lpcxpresso_8.2.2_650/lpcxpresso/tools/bin/../lib/gcc/arm-none-eabi/5.4.1/../../../../arm-none-eabi/lib/armv6-m/libcr_c.a(__weak__main.o)
                0x00001858                __main
                0x00001858                __weak_main
 .text.atan2    0x00001860      0x114 /usr/local/lpcxpresso_8.2.2_650/lpcxpresso/tools/bin/../lib/gcc/arm-none-eabi/5.4.1/../../../../arm-none-eabi/lib/armv6-m/libcr_c.a(atan2.o)
                0x00001860                atan2
 .text.fabs     0x00001974       0x24 /usr/local/lpcxpresso_8.2.2_650/lpcxpresso/tools/bin/../lib/gcc/arm-none-eabi/5.4.1/../../../../arm-none-eabi/lib/armv6-m/libcr_c.a(fabs.o)
                0x00001974                fabs
 .text.floor    0x00001998       0xb0 /usr/local/lpcxpresso_8.2.2_650/lpcxpresso/tools/bin/../lib/gcc/arm-none-eabi/5.4.1/../../../../arm-none-eabi/lib/armv6-m/libcr_c.a(floor.o)
                0x00001998                floor
 .text.pow      0x00001a48      0x554 /usr/local/lpcxpresso_8.2.2_650/lpcxpresso/tools/bin/../lib/gcc/arm-none-eabi/5.4.1/../../../../arm-none-eabi/lib/armv6-m/libcr_c.a(pow.o)
                0x00001a48                pow
 .text.abs      0x00001f9c        0x8 /usr/local/lpcxpresso_8.2.2_650/lpcxpresso/tools/bin/../lib/gcc/arm-none-eabi/5.4.1/../../../../arm-none-eabi/lib/armv6-m/libcr_c.a(stdlib.o)
                0x00001f9c                abs
 .text.atan     0x00001fa4      0x204 /usr/local/lpcxpresso_8.2.2_650/lpcxpresso/tools/bin/../lib/gcc/arm-none-eabi/5.4.1/../../../../arm-none-eabi/lib/armv6-m/libcr_c.a(atan.o)
                0x00001fa4                atan
 .text.frexp    0x000021a8       0x80 /usr/local/lpcxpresso_8.2.2_650/lpcxpresso/tools/bin/../lib/gcc/arm-none-eabi/5.4.1/../../../../arm-none-eabi/lib/armv6-m/libcr_c.a(frexp.o)
                0x000021a8                frexp
 .text.ldexp    0x00002228       0x58 /usr/local/lpcxpresso_8.2.2_650/lpcxpresso/tools/bin/../lib/gcc/arm-none-eabi/5.4.1/../../../../arm-none-eabi/lib/armv6-m/libcr_c.a(ldexp.o)
                0x00002228                ldexp
 .text.__aeabi_division_idivmod
                0x00002280       0x78 /usr/local/lpcxpresso_8.2.2_650/lpcxpresso/tools/bin/../lib/gcc/arm-none-eabi/5.4.1/armv6-m/libcr_eabihelpers.a(division_32.o)
                0x00002280                __aeabi_idiv
                0x00002280                __aeabi_idivmod
                0x00002286                __aeabi_uidiv
                0x00002286                __aeabi_uidivmod
 .text.__aeabi_division_idiv0
                0x000022f8        0x2 /usr/local/lpcxpresso_8.2.2_650/lpcxpresso/tools/bin/../lib/gcc/arm-none-eabi/5.4.1/armv6-m/libcr_eabihelpers.a(division_idiv0.o)
                0x000022f8                __aeabi_idiv0
 *fill*         0x000022fa        0x2 ff
 .text.__aeabi_dmul
                0x000022fc      0x17c /usr/local/lpcxpresso_8.2.2_650/lpcxpresso/tools/bin/../lib/gcc/arm-none-eabi/5.4.1/armv6-m/libcr_eabihelpers.a(double.o)
                0x000022fc                __aeabi_dmul
 .text.__aeabi_ddiv
                0x00002478      0x14c /usr/local/lpcxpresso_8.2.2_650/lpcxpresso/tools/bin/../lib/gcc/arm-none-eabi/5.4.1/armv6-m/libcr_eabihelpers.a(double.o)
                0x00002478                __aeabi_ddiv
 .text.__aeabi_dsub
                0x000025c4      0x1c8 /usr/local/lpcxpresso_8.2.2_650/lpcxpresso/tools/bin/../lib/gcc/arm-none-eabi/5.4.1/armv6-m/libcr_eabihelpers.a(double.o)
                0x000025c4                __aeabi_dsub
 .text.__aeabi_dadd
                0x0000278c      0x130 /usr/local/lpcxpresso_8.2.2_650/lpcxpresso/tools/bin/../lib/gcc/arm-none-eabi/5.4.1/armv6-m/libcr_eabihelpers.a(double.o)
                0x0000278c                __aeabi_dadd
 .text.__aeabi_d2f
                0x000028bc       0x64 /usr/local/lpcxpresso_8.2.2_650/lpcxpresso/tools/bin/../lib/gcc/arm-none-eabi/5.4.1/armv6-m/libcr_eabihelpers.a(double.o)
                0x000028bc                __aeabi_d2f
 .text.__aeabi_d2iz
                0x00002920       0x44 /usr/local/lpcxpresso_8.2.2_650/lpcxpresso/tools/bin/../lib/gcc/arm-none-eabi/5.4.1/armv6-m/libcr_eabihelpers.a(double.o)
                0x00002920                __aeabi_d2iz
 .text.__bhs_ui2d
                0x00002964       0x5e /usr/local/lpcxpresso_8.2.2_650/lpcxpresso/tools/bin/../lib/gcc/arm-none-eabi/5.4.1/armv6-m/libcr_eabihelpers.a(double.o)
                0x00002964                __bhs_ui2d
 .text.__aeabi_i2d
                0x000029c2       0x16 /usr/local/lpcxpresso_8.2.2_650/lpcxpresso/tools/bin/../lib/gcc/arm-none-eabi/5.4.1/armv6-m/libcr_eabihelpers.a(double.o)
                0x000029c2                __aeabi_i2d
 .text.__aeabi_dcmpeq
                0x000029d8       0x30 /usr/local/lpcxpresso_8.2.2_650/lpcxpresso/tools/bin/../lib/gcc/arm-none-eabi/5.4.1/armv6-m/libcr_eabihelpers.a(double.o)
                0x000029d8                __aeabi_dcmpeq
 .text.__aeabi_dcmplt
                0x00002a08       0x5c /usr/local/lpcxpresso_8.2.2_650/lpcxpresso/tools/bin/../lib/gcc/arm-none-eabi/5.4.1/armv6-m/libcr_eabihelpers.a(double.o)
                0x00002a08                __aeabi_dcmplt
 .text.__aeabi_dcmpgt
                0x00002a64       0x5c /usr/local/lpcxpresso_8.2.2_650/lpcxpresso/tools/bin/../lib/gcc/arm-none-eabi/5.4.1/armv6-m/libcr_eabihelpers.a(double.o)
                0x00002a64                __aeabi_dcmpgt
 .text.__aeabi_dcmple
                0x00002ac0       0x5c /usr/local/lpcxpresso_8.2.2_650/lpcxpresso/tools/bin/../lib/gcc/arm-none-eabi/5.4.1/armv6-m/libcr_eabihelpers.a(double.o)
                0x00002ac0                __aeabi_dcmple
 .text.__aeabi_fmul
                0x00002b1c       0xc4 /usr/local/lpcxpresso_8.2.2_650/lpcxpresso/tools/bin/../lib/gcc/arm-none-eabi/5.4.1/armv6-m/libcr_eabihelpers.a(float.o)
                0x00002b1c                __aeabi_fmul
 .text.__aeabi_fdiv
                0x00002be0       0xf0 /usr/local/lpcxpresso_8.2.2_650/lpcxpresso/tools/bin/../lib/gcc/arm-none-eabi/5.4.1/armv6-m/libcr_eabihelpers.a(float.o)
                0x00002be0                __aeabi_fdiv
 .text.__aeabi_fsub
                0x00002cd0      0x130 /usr/local/lpcxpresso_8.2.2_650/lpcxpresso/tools/bin/../lib/gcc/arm-none-eabi/5.4.1/armv6-m/libcr_eabihelpers.a(float.o)
                0x00002cd0                __aeabi_fsub
 .text.__aeabi_fadd
                0x00002e00       0xb8 /usr/local/lpcxpresso_8.2.2_650/lpcxpresso/tools/bin/../lib/gcc/arm-none-eabi/5.4.1/armv6-m/libcr_eabihelpers.a(float.o)
                0x00002e00                __aeabi_fadd
 .text.__aeabi_f2iz
                0x00002eb8       0x38 /usr/local/lpcxpresso_8.2.2_650/lpcxpresso/tools/bin/../lib/gcc/arm-none-eabi/5.4.1/armv6-m/libcr_eabihelpers.a(float.o)
                0x00002eb8                __aeabi_f2iz
 .text.__bhs_ui2f
                0x00002ef0       0x62 /usr/local/lpcxpresso_8.2.2_650/lpcxpresso/tools/bin/../lib/gcc/arm-none-eabi/5.4.1/armv6-m/libcr_eabihelpers.a(float.o)
                0x00002ef0                __bhs_ui2f
 .text.__aeabi_i2f
                0x00002f52       0x16 /usr/local/lpcxpresso_8.2.2_650/lpcxpresso/tools/bin/../lib/gcc/arm-none-eabi/5.4.1/armv6-m/libcr_eabihelpers.a(float.o)
                0x00002f52                __aeabi_i2f
 .text.__aeabi_f2d
                0x00002f68       0x40 /usr/local/lpcxpresso_8.2.2_650/lpcxpresso/tools/bin/../lib/gcc/arm-none-eabi/5.4.1/armv6-m/libcr_eabihelpers.a(float.o)
                0x00002f68                __aeabi_f2d
 .text.__aeabi_fcmplt
                0x00002fa8       0x44 /usr/local/lpcxpresso_8.2.2_650/lpcxpresso/tools/bin/../lib/gcc/arm-none-eabi/5.4.1/armv6-m/libcr_eabihelpers.a(float.o)
                0x00002fa8                __aeabi_fcmplt
 .text.__aeabi_fcmple
                0x00002fec       0x40 /usr/local/lpcxpresso_8.2.2_650/lpcxpresso/tools/bin/../lib/gcc/arm-none-eabi/5.4.1/armv6-m/libcr_eabihelpers.a(float.o)
                0x00002fec                __aeabi_fcmple
 .text.__aeabi_fcmpge
                0x0000302c       0x3c /usr/local/lpcxpresso_8.2.2_650/lpcxpresso/tools/bin/../lib/gcc/arm-none-eabi/5.4.1/armv6-m/libcr_eabihelpers.a(float.o)
                0x0000302c                __aeabi_fcmpge
 .text.__aeabi_llong_lmul
                0x00003068       0x2e /usr/local/lpcxpresso_8.2.2_650/lpcxpresso/tools/bin/../lib/gcc/arm-none-eabi/5.4.1/armv6-m/libcr_eabihelpers.a(llong.o)
                0x00003068                __aeabi_lmul
 *(.rodata .rodata.* .constdata .constdata.*)
 .rodata.str1.1
                0x00003096       0x4f ./src/calibrate.o
 .rodata.imu_address
                0x000030e5        0x1 ./src/imu.o
                0x000030e5                imu_address
 *fill*         0x000030e6        0x2 ff
 .rodata.OscRateIn
                0x000030e8        0x4 ./src/sysinit.o
                0x000030e8                OscRateIn
 .rodata        0x000030ec       0x5f ./src/uart.o
 .rodata.str1.1
                0x0000314b       0x17 ./src/uart.o
                                 0x1a (size before relaxing)
 *fill*         0x00003162        0x2 ff
 .rodata.wdtOSCRate
                0x00003164       0x40 /home/bcoste/Stock/PRe/LCPXpresso11C24-dev/workspace/lpc_chip_11cxx_lib/Release/liblpc_chip_11cxx_lib.a(clock_11xx.o)
 *fill*         0x000031a4        0x4 ff
 .rodata.a2.3994
                0x000031a8       0x40 /usr/local/lpcxpresso_8.2.2_650/lpcxpresso/tools/bin/../lib/gcc/arm-none-eabi/5.4.1/../../../../arm-none-eabi/lib/armv6-m/libcr_c.a(pow.o)
 .rodata.a1.3993
                0x000031e8       0x88 /usr/local/lpcxpresso_8.2.2_650/lpcxpresso/tools/bin/../lib/gcc/arm-none-eabi/5.4.1/../../../../arm-none-eabi/lib/armv6-m/libcr_c.a(pow.o)
 .rodata.__huge_val
                0x00003270        0x8 /usr/local/lpcxpresso_8.2.2_650/lpcxpresso/tools/bin/../lib/gcc/arm-none-eabi/5.4.1/../../../../arm-none-eabi/lib/armv6-m/libcr_c.a(_hugeval.o)
                0x00003270                __huge_val
 .rodata.a.3983
                0x00003278       0x20 /usr/local/lpcxpresso_8.2.2_650/lpcxpresso/tools/bin/../lib/gcc/arm-none-eabi/5.4.1/../../../../arm-none-eabi/lib/armv6-m/libcr_c.a(atan.o)
                0x00003298                . = ALIGN (0x4)

.glue_7         0x00003298        0x0
 .glue_7        0x00003298        0x0 linker stubs

.glue_7t        0x00003298        0x0
 .glue_7t       0x00003298        0x0 linker stubs

.vfp11_veneer   0x00003298        0x0
 .vfp11_veneer  0x00003298        0x0 linker stubs

.v4_bx          0x00003298        0x0
 .v4_bx         0x00003298        0x0 linker stubs

.iplt           0x00003298        0x0
 .iplt          0x00003298        0x0 ./src/calibrate.o

.rel.dyn        0x00003298        0x0
 .rel.iplt      0x00003298        0x0 ./src/calibrate.o

.ARM.extab
 *(.ARM.extab* .gnu.linkonce.armextab.*)
                0x00003298                __exidx_start = .

.ARM.exidx
 *(.ARM.exidx* .gnu.linkonce.armexidx.*)
                0x00003298                __exidx_end = .
                0x00003298                _etext = .

.uninit_RESERVED
                0x10000000        0x0
 *(.bss.$RESERVED*)
                0x10000000                . = ALIGN (0x4)
                0x10000000                _end_uninit_RESERVED = .

.data           0x10000000       0x10 load address 0x00003298
 FILL mask 0xff
                0x10000000                _data = .
 *(vtable)
 *(.ramfunc*)
 *(.data*)
 .data.read_available
                0x10000000        0x1 ./src/i2c.o
                0x10000000                read_available
 *fill*         0x10000001        0x3 ff
 .data.alpha    0x10000004        0x4 ./src/step4.o
                0x10000004                alpha
 .data.kp       0x10000008        0x4 ./src/step4.o
                0x10000008                kp
 .data.first    0x1000000c        0x1 ./src/step4.o
                0x1000000c                first
                0x10000010                . = ALIGN (0x4)
 *fill*         0x1000000d        0x3 ff
                0x10000010                _edata = .

.igot.plt       0x10000010        0x0 load address 0x000032a8
 .igot.plt      0x10000010        0x0 ./src/calibrate.o

.bss            0x10000010       0xe0 load address 0x000032a8
                0x10000010                _bss = .
 *(.bss*)
 .bss.I2CMasterBuffer
                0x10000010       0x40 ./src/i2c.o
                0x10000010                I2CMasterBuffer
 .bss.ask_for_new_value
                0x10000050        0x1 ./src/i2c.o
                0x10000050                ask_for_new_value
 *fill*         0x10000051        0x3 
 .bss.I2CReadLength
                0x10000054        0x4 ./src/i2c.o
                0x10000054                I2CReadLength
 .bss.I2CWriteLength
                0x10000058        0x4 ./src/i2c.o
                0x10000058                I2CWriteLength
 .bss.RdIndex   0x1000005c        0x4 ./src/i2c.o
                0x1000005c                RdIndex
 .bss.WrIndex   0x10000060        0x4 ./src/i2c.o
                0x10000060                WrIndex
 .bss.I2CMasterState
                0x10000064        0x4 ./src/i2c.o
                0x10000064                I2CMasterState
 .bss.I2CWrite  0x10000068        0x1 ./src/i2c.o
                0x10000068                I2CWrite
 *fill*         0x10000069        0x3 
 .bss.timeout   0x1000006c        0x4 ./src/i2c.o
                0x1000006c                timeout
 .bss.I2CSlaveBuffer
                0x10000070       0x40 ./src/i2c.o
                0x10000070                I2CSlaveBuffer
 .bss.lMotor_on
                0x100000b0        0x1 ./src/lMotor.o
                0x100000b0                lMotor_on
 *fill*         0x100000b1        0x3 
 .bss.errorSum  0x100000b4        0x4 ./src/pinint.o
                0x100000b4                errorSum
 .bss.previousAngle
                0x100000b8        0x4 ./src/pinint.o
                0x100000b8                previousAngle
 .bss.rMotor_on
                0x100000bc        0x1 ./src/rMotor.o
                0x100000bc                rMotor_on
 *fill*         0x100000bd        0x3 
 .bss.kd        0x100000c0        0x4 ./src/step4.o
                0x100000c0                kd
 .bss.ki        0x100000c4        0x4 ./src/step4.o
                0x100000c4                ki
 .bss.values    0x100000c8        0xe ./src/step4.o
                0x100000c8                values
 .bss.UART_BUFFER_counter
                0x100000d6        0x1 ./src/uart.o
                0x100000d6                UART_BUFFER_counter
 .bss.UART_BUFFER
                0x100000d7       0x14 ./src/uart.o
                0x100000d7                UART_BUFFER
 *fill*         0x100000eb        0x1 
 .bss.errno     0x100000ec        0x4 /usr/local/lpcxpresso_8.2.2_650/lpcxpresso/tools/bin/../lib/gcc/arm-none-eabi/5.4.1/../../../../arm-none-eabi/lib/armv6-m/libcr_c.a(errno.o)
                0x100000ec                errno
 *(COMMON)
                0x100000f0                . = ALIGN (0x4)
                0x100000f0                _ebss = .
                [!provide]                PROVIDE (end, .)

.noinit         0x100000f0        0x0 load address 0x000032a8
                0x100000f0                _noinit = .
 *(.noinit*)
                0x100000f0                . = ALIGN (0x4)
                0x100000f0                _end_noinit = .
                0x100000f0                PROVIDE (_pvHeapStart, DEFINED (__user_heap_base)?__user_heap_base:.)
                0x10002000                PROVIDE (_vStackTop, DEFINED (__user_stack_top)?__user_stack_top:(__top_RamLoc8 - 0x0))
                0xefffdd51                PROVIDE (__valid_user_code_checksum, (0x0 - (((_vStackTop + (ResetISR + 0x1)) + (DEFINED (NMI_Handler)?NMI_Handler:M0_NMI_Handler + 0x1)) + (DEFINED (HardFault_Handler)?HardFault_Handler:M0_HardFault_Handler + 0x1))))
OUTPUT(step4.axf elf32-littlearm)

.debug_info     0x00000000     0xa073
 .debug_info    0x00000000      0x5bd ./src/calibrate.o
 .debug_info    0x000005bd      0x23d ./src/cr_startup_lpc11xx.o
 .debug_info    0x000007fa       0x3b ./src/crp.o
 .debug_info    0x00000835      0x1ce ./src/fonction.o
 .debug_info    0x00000a03      0xe6b ./src/i2c.o
 .debug_info    0x0000186e      0x4d4 ./src/imu.o
 .debug_info    0x00001d42      0xc58 ./src/lMotor.o
 .debug_info    0x0000299a      0x2cc ./src/motor.o
 .debug_info    0x00002c66      0xa36 ./src/pinint.o
 .debug_info    0x0000369c      0xc42 ./src/rMotor.o
 .debug_info    0x000042de      0x3c0 ./src/step4.o
 .debug_info    0x0000469e       0xde ./src/sysinit.o
 .debug_info    0x0000477c      0x3c3 ./src/timer.o
 .debug_info    0x00004b3f     0x16f2 ./src/uart.o
 .debug_info    0x00006231      0x8c6 /home/bcoste/Stock/PRe/LCPXpresso11C24-dev/workspace/lpc_chip_11cxx_lib/Release/liblpc_chip_11cxx_lib.a(clock_11xx.o)
 .debug_info    0x00006af7      0xc62 /home/bcoste/Stock/PRe/LCPXpresso11C24-dev/workspace/lpc_chip_11cxx_lib/Release/liblpc_chip_11cxx_lib.a(gpio_11xx_2.o)
 .debug_info    0x00007759      0x8f1 /home/bcoste/Stock/PRe/LCPXpresso11C24-dev/workspace/lpc_chip_11cxx_lib/Release/liblpc_chip_11cxx_lib.a(sysinit_11xx.o)
 .debug_info    0x0000804a      0x85e /home/bcoste/Stock/PRe/LCPXpresso11C24-dev/workspace/lpc_chip_11cxx_lib/Release/liblpc_chip_11cxx_lib.a(timer_11xx.o)
 .debug_info    0x000088a8     0x1238 /home/bcoste/Stock/PRe/LCPXpresso11C24-dev/workspace/lpc_chip_11cxx_lib/Release/liblpc_chip_11cxx_lib.a(uart_11xx.o)
 .debug_info    0x00009ae0      0x593 /home/bcoste/Stock/PRe/LCPXpresso11C24-dev/workspace/lpc_chip_11cxx_lib/Release/liblpc_chip_11cxx_lib.a(sysctl_11xx.o)

.debug_abbrev   0x00000000     0x232e
 .debug_abbrev  0x00000000      0x14e ./src/calibrate.o
 .debug_abbrev  0x0000014e      0x102 ./src/cr_startup_lpc11xx.o
 .debug_abbrev  0x00000250       0x33 ./src/crp.o
 .debug_abbrev  0x00000283       0xb3 ./src/fonction.o
 .debug_abbrev  0x00000336      0x298 ./src/i2c.o
 .debug_abbrev  0x000005ce      0x116 ./src/imu.o
 .debug_abbrev  0x000006e4      0x291 ./src/lMotor.o
 .debug_abbrev  0x00000975       0xf2 ./src/motor.o
 .debug_abbrev  0x00000a67      0x2ac ./src/pinint.o
 .debug_abbrev  0x00000d13      0x279 ./src/rMotor.o
 .debug_abbrev  0x00000f8c      0x148 ./src/step4.o
 .debug_abbrev  0x000010d4       0x85 ./src/sysinit.o
 .debug_abbrev  0x00001159      0x1b8 ./src/timer.o
 .debug_abbrev  0x00001311      0x462 ./src/uart.o
 .debug_abbrev  0x00001773      0x229 /home/bcoste/Stock/PRe/LCPXpresso11C24-dev/workspace/lpc_chip_11cxx_lib/Release/liblpc_chip_11cxx_lib.a(clock_11xx.o)
 .debug_abbrev  0x0000199c      0x202 /home/bcoste/Stock/PRe/LCPXpresso11C24-dev/workspace/lpc_chip_11cxx_lib/Release/liblpc_chip_11cxx_lib.a(gpio_11xx_2.o)
 .debug_abbrev  0x00001b9e      0x1e3 /home/bcoste/Stock/PRe/LCPXpresso11C24-dev/workspace/lpc_chip_11cxx_lib/Release/liblpc_chip_11cxx_lib.a(sysinit_11xx.o)
 .debug_abbrev  0x00001d81      0x1e2 /home/bcoste/Stock/PRe/LCPXpresso11C24-dev/workspace/lpc_chip_11cxx_lib/Release/liblpc_chip_11cxx_lib.a(timer_11xx.o)
 .debug_abbrev  0x00001f63      0x2f1 /home/bcoste/Stock/PRe/LCPXpresso11C24-dev/workspace/lpc_chip_11cxx_lib/Release/liblpc_chip_11cxx_lib.a(uart_11xx.o)
 .debug_abbrev  0x00002254       0xda /home/bcoste/Stock/PRe/LCPXpresso11C24-dev/workspace/lpc_chip_11cxx_lib/Release/liblpc_chip_11cxx_lib.a(sysctl_11xx.o)

.debug_loc      0x00000000     0x3ded
 .debug_loc     0x00000000      0x39e ./src/calibrate.o
 .debug_loc     0x0000039e      0x1d4 ./src/cr_startup_lpc11xx.o
 .debug_loc     0x00000572      0x214 ./src/fonction.o
 .debug_loc     0x00000786      0x3ea ./src/i2c.o
 .debug_loc     0x00000b70       0x85 ./src/imu.o
 .debug_loc     0x00000bf5      0x6aa ./src/lMotor.o
 .debug_loc     0x0000129f       0xaf ./src/motor.o
 .debug_loc     0x0000134e      0x22f ./src/pinint.o
 .debug_loc     0x0000157d      0x71e ./src/rMotor.o
 .debug_loc     0x00001c9b       0x1f ./src/step4.o
 .debug_loc     0x00001cba       0x91 ./src/timer.o
 .debug_loc     0x00001d4b      0xe21 ./src/uart.o
 .debug_loc     0x00002b6c       0xc7 /home/bcoste/Stock/PRe/LCPXpresso11C24-dev/workspace/lpc_chip_11cxx_lib/Release/liblpc_chip_11cxx_lib.a(clock_11xx.o)
 .debug_loc     0x00002c33      0x471 /home/bcoste/Stock/PRe/LCPXpresso11C24-dev/workspace/lpc_chip_11cxx_lib/Release/liblpc_chip_11cxx_lib.a(gpio_11xx_2.o)
 .debug_loc     0x000030a4       0x7c /home/bcoste/Stock/PRe/LCPXpresso11C24-dev/workspace/lpc_chip_11cxx_lib/Release/liblpc_chip_11cxx_lib.a(sysinit_11xx.o)
 .debug_loc     0x00003120      0x17a /home/bcoste/Stock/PRe/LCPXpresso11C24-dev/workspace/lpc_chip_11cxx_lib/Release/liblpc_chip_11cxx_lib.a(timer_11xx.o)
 .debug_loc     0x0000329a      0xaa4 /home/bcoste/Stock/PRe/LCPXpresso11C24-dev/workspace/lpc_chip_11cxx_lib/Release/liblpc_chip_11cxx_lib.a(uart_11xx.o)
 .debug_loc     0x00003d3e       0xaf /home/bcoste/Stock/PRe/LCPXpresso11C24-dev/workspace/lpc_chip_11cxx_lib/Release/liblpc_chip_11cxx_lib.a(sysctl_11xx.o)

.debug_aranges  0x00000000      0x578
 .debug_aranges
                0x00000000       0x30 ./src/calibrate.o
 .debug_aranges
                0x00000030       0x60 ./src/cr_startup_lpc11xx.o
 .debug_aranges
                0x00000090       0x18 ./src/crp.o
 .debug_aranges
                0x000000a8       0x38 ./src/fonction.o
 .debug_aranges
                0x000000e0       0x58 ./src/i2c.o
 .debug_aranges
                0x00000138       0x28 ./src/imu.o
 .debug_aranges
                0x00000160       0x50 ./src/lMotor.o
 .debug_aranges
                0x000001b0       0x50 ./src/motor.o
 .debug_aranges
                0x00000200       0x28 ./src/pinint.o
 .debug_aranges
                0x00000228       0x50 ./src/rMotor.o
 .debug_aranges
                0x00000278       0x20 ./src/step4.o
 .debug_aranges
                0x00000298       0x20 ./src/sysinit.o
 .debug_aranges
                0x000002b8       0x50 ./src/timer.o
 .debug_aranges
                0x00000308       0xa8 ./src/uart.o
 .debug_aranges
                0x000003b0       0x68 /home/bcoste/Stock/PRe/LCPXpresso11C24-dev/workspace/lpc_chip_11cxx_lib/Release/liblpc_chip_11cxx_lib.a(clock_11xx.o)
 .debug_aranges
                0x00000418       0x50 /home/bcoste/Stock/PRe/LCPXpresso11C24-dev/workspace/lpc_chip_11cxx_lib/Release/liblpc_chip_11cxx_lib.a(gpio_11xx_2.o)
 .debug_aranges
                0x00000468       0x20 /home/bcoste/Stock/PRe/LCPXpresso11C24-dev/workspace/lpc_chip_11cxx_lib/Release/liblpc_chip_11cxx_lib.a(sysinit_11xx.o)
 .debug_aranges
                0x00000488       0x38 /home/bcoste/Stock/PRe/LCPXpresso11C24-dev/workspace/lpc_chip_11cxx_lib/Release/liblpc_chip_11cxx_lib.a(timer_11xx.o)
 .debug_aranges
                0x000004c0       0x80 /home/bcoste/Stock/PRe/LCPXpresso11C24-dev/workspace/lpc_chip_11cxx_lib/Release/liblpc_chip_11cxx_lib.a(uart_11xx.o)
 .debug_aranges
                0x00000540       0x38 /home/bcoste/Stock/PRe/LCPXpresso11C24-dev/workspace/lpc_chip_11cxx_lib/Release/liblpc_chip_11cxx_lib.a(sysctl_11xx.o)

.debug_ranges   0x00000000      0xa10
 .debug_ranges  0x00000000       0x20 ./src/calibrate.o
 .debug_ranges  0x00000020       0x50 ./src/cr_startup_lpc11xx.o
 .debug_ranges  0x00000070       0x28 ./src/fonction.o
 .debug_ranges  0x00000098       0x48 ./src/i2c.o
 .debug_ranges  0x000000e0       0x18 ./src/imu.o
 .debug_ranges  0x000000f8      0x170 ./src/lMotor.o
 .debug_ranges  0x00000268       0x40 ./src/motor.o
 .debug_ranges  0x000002a8       0xb0 ./src/pinint.o
 .debug_ranges  0x00000358      0x1e8 ./src/rMotor.o
 .debug_ranges  0x00000540       0x10 ./src/step4.o
 .debug_ranges  0x00000550       0x10 ./src/sysinit.o
 .debug_ranges  0x00000560       0x78 ./src/timer.o
 .debug_ranges  0x000005d8       0xe0 ./src/uart.o
 .debug_ranges  0x000006b8       0x70 /home/bcoste/Stock/PRe/LCPXpresso11C24-dev/workspace/lpc_chip_11cxx_lib/Release/liblpc_chip_11cxx_lib.a(clock_11xx.o)
 .debug_ranges  0x00000728       0xb8 /home/bcoste/Stock/PRe/LCPXpresso11C24-dev/workspace/lpc_chip_11cxx_lib/Release/liblpc_chip_11cxx_lib.a(gpio_11xx_2.o)
 .debug_ranges  0x000007e0       0x60 /home/bcoste/Stock/PRe/LCPXpresso11C24-dev/workspace/lpc_chip_11cxx_lib/Release/liblpc_chip_11cxx_lib.a(sysinit_11xx.o)
 .debug_ranges  0x00000840       0x58 /home/bcoste/Stock/PRe/LCPXpresso11C24-dev/workspace/lpc_chip_11cxx_lib/Release/liblpc_chip_11cxx_lib.a(timer_11xx.o)
 .debug_ranges  0x00000898      0x150 /home/bcoste/Stock/PRe/LCPXpresso11C24-dev/workspace/lpc_chip_11cxx_lib/Release/liblpc_chip_11cxx_lib.a(uart_11xx.o)
 .debug_ranges  0x000009e8       0x28 /home/bcoste/Stock/PRe/LCPXpresso11C24-dev/workspace/lpc_chip_11cxx_lib/Release/liblpc_chip_11cxx_lib.a(sysctl_11xx.o)

.debug_line     0x00000000     0x264c
 .debug_line    0x00000000      0x1e7 ./src/calibrate.o
 .debug_line    0x000001e7       0x89 ./src/cr_startup_lpc11xx.o
 .debug_line    0x00000270       0x2d ./src/crp.o
 .debug_line    0x0000029d       0xfd ./src/fonction.o
 .debug_line    0x0000039a      0x20a ./src/i2c.o
 .debug_line    0x000005a4      0x166 ./src/imu.o
 .debug_line    0x0000070a      0x2e2 ./src/lMotor.o
 .debug_line    0x000009ec      0x17b ./src/motor.o
 .debug_line    0x00000b67      0x27a ./src/pinint.o
 .debug_line    0x00000de1      0x301 ./src/rMotor.o
 .debug_line    0x000010e2      0x17a ./src/step4.o
 .debug_line    0x0000125c       0xe4 ./src/sysinit.o
 .debug_line    0x00001340      0x1b5 ./src/timer.o
 .debug_line    0x000014f5      0x571 ./src/uart.o
 .debug_line    0x00001a66      0x201 /home/bcoste/Stock/PRe/LCPXpresso11C24-dev/workspace/lpc_chip_11cxx_lib/Release/liblpc_chip_11cxx_lib.a(clock_11xx.o)
 .debug_line    0x00001c67      0x21a /home/bcoste/Stock/PRe/LCPXpresso11C24-dev/workspace/lpc_chip_11cxx_lib/Release/liblpc_chip_11cxx_lib.a(gpio_11xx_2.o)
 .debug_line    0x00001e81      0x173 /home/bcoste/Stock/PRe/LCPXpresso11C24-dev/workspace/lpc_chip_11cxx_lib/Release/liblpc_chip_11cxx_lib.a(sysinit_11xx.o)
 .debug_line    0x00001ff4      0x19e /home/bcoste/Stock/PRe/LCPXpresso11C24-dev/workspace/lpc_chip_11cxx_lib/Release/liblpc_chip_11cxx_lib.a(timer_11xx.o)
 .debug_line    0x00002192      0x383 /home/bcoste/Stock/PRe/LCPXpresso11C24-dev/workspace/lpc_chip_11cxx_lib/Release/liblpc_chip_11cxx_lib.a(uart_11xx.o)
 .debug_line    0x00002515      0x137 /home/bcoste/Stock/PRe/LCPXpresso11C24-dev/workspace/lpc_chip_11cxx_lib/Release/liblpc_chip_11cxx_lib.a(sysctl_11xx.o)

.debug_str      0x00000000     0x2ae4
 .debug_str     0x00000000      0x36a ./src/calibrate.o
                                0x3b4 (size before relaxing)
 .debug_str     0x0000036a      0x137 ./src/cr_startup_lpc11xx.o
                                0x259 (size before relaxing)
 .debug_str     0x000004a1       0x16 ./src/crp.o
                                0x11e (size before relaxing)
 .debug_str     0x000004b7       0x8a ./src/fonction.o
                                0x222 (size before relaxing)
 .debug_str     0x00000541      0x6da ./src/i2c.o
                                0x9df (size before relaxing)
 .debug_str     0x00000c1b       0x26 ./src/imu.o
                                0x3d1 (size before relaxing)
 .debug_str     0x00000c41      0x457 ./src/lMotor.o
                                0x629 (size before relaxing)
 .debug_str     0x00001098       0x9f ./src/motor.o
                                0x2cd (size before relaxing)
 .debug_str     0x00001137      0x29d ./src/pinint.o
                                0x8db (size before relaxing)
 .debug_str     0x000013d4       0x2b ./src/rMotor.o
                                0x629 (size before relaxing)
 .debug_str     0x000013ff       0x7f ./src/step4.o
                                0x2b9 (size before relaxing)
 .debug_str     0x0000147e       0x2b ./src/sysinit.o
                                0x1d1 (size before relaxing)
 .debug_str     0x000014a9       0x3d ./src/timer.o
                                0x2d5 (size before relaxing)
 .debug_str     0x000014e6      0x693 ./src/uart.o
                                0xbba (size before relaxing)
 .debug_str     0x00001b79      0x712 /home/bcoste/Stock/PRe/LCPXpresso11C24-dev/workspace/lpc_chip_11cxx_lib/Release/liblpc_chip_11cxx_lib.a(clock_11xx.o)
                                0x999 (size before relaxing)
 .debug_str     0x0000228b      0x334 /home/bcoste/Stock/PRe/LCPXpresso11C24-dev/workspace/lpc_chip_11cxx_lib/Release/liblpc_chip_11cxx_lib.a(gpio_11xx_2.o)
                                0x877 (size before relaxing)
 .debug_str     0x000025bf      0x150 /home/bcoste/Stock/PRe/LCPXpresso11C24-dev/workspace/lpc_chip_11cxx_lib/Release/liblpc_chip_11cxx_lib.a(sysinit_11xx.o)
                                0x8a2 (size before relaxing)
 .debug_str     0x0000270f       0xef /home/bcoste/Stock/PRe/LCPXpresso11C24-dev/workspace/lpc_chip_11cxx_lib/Release/liblpc_chip_11cxx_lib.a(timer_11xx.o)
                                0x76a (size before relaxing)
 .debug_str     0x000027fe      0x26b /home/bcoste/Stock/PRe/LCPXpresso11C24-dev/workspace/lpc_chip_11cxx_lib/Release/liblpc_chip_11cxx_lib.a(uart_11xx.o)
                                0x9b3 (size before relaxing)
 .debug_str     0x00002a69       0x7b /home/bcoste/Stock/PRe/LCPXpresso11C24-dev/workspace/lpc_chip_11cxx_lib/Release/liblpc_chip_11cxx_lib.a(sysctl_11xx.o)
                                0x4e9 (size before relaxing)

.comment        0x00000000       0xdc
 .comment       0x00000000       0x6e ./src/calibrate.o
                                 0x6f (size before relaxing)
 .comment       0x0000006e       0x6f ./src/cr_startup_lpc11xx.o
 .comment       0x0000006e       0x6f ./src/crp.o
 .comment       0x0000006e       0x6f ./src/fonction.o
 .comment       0x0000006e       0x6f ./src/i2c.o
 .comment       0x0000006e       0x6f ./src/imu.o
 .comment       0x0000006e       0x6f ./src/lMotor.o
 .comment       0x0000006e       0x6f ./src/motor.o
 .comment       0x0000006e       0x6f ./src/pinint.o
 .comment       0x0000006e       0x6f ./src/rMotor.o
 .comment       0x0000006e       0x6f ./src/step4.o
 .comment       0x0000006e       0x6f ./src/sysinit.o
 .comment       0x0000006e       0x6f ./src/timer.o
 .comment       0x0000006e       0x6f ./src/uart.o
 .comment       0x0000006e       0x6f /home/bcoste/Stock/PRe/LCPXpresso11C24-dev/workspace/lpc_chip_11cxx_lib/Release/liblpc_chip_11cxx_lib.a(clock_11xx.o)
 .comment       0x0000006e       0x6f /home/bcoste/Stock/PRe/LCPXpresso11C24-dev/workspace/lpc_chip_11cxx_lib/Release/liblpc_chip_11cxx_lib.a(gpio_11xx_2.o)
 .comment       0x0000006e       0x6f /home/bcoste/Stock/PRe/LCPXpresso11C24-dev/workspace/lpc_chip_11cxx_lib/Release/liblpc_chip_11cxx_lib.a(sysinit_11xx.o)
 .comment       0x0000006e       0x6f /home/bcoste/Stock/PRe/LCPXpresso11C24-dev/workspace/lpc_chip_11cxx_lib/Release/liblpc_chip_11cxx_lib.a(timer_11xx.o)
 .comment       0x0000006e       0x6f /home/bcoste/Stock/PRe/LCPXpresso11C24-dev/workspace/lpc_chip_11cxx_lib/Release/liblpc_chip_11cxx_lib.a(uart_11xx.o)
 .comment       0x0000006e       0x6f /home/bcoste/Stock/PRe/LCPXpresso11C24-dev/workspace/lpc_chip_11cxx_lib/Release/liblpc_chip_11cxx_lib.a(sysctl_11xx.o)
 .comment       0x0000006e       0x6e /usr/local/lpcxpresso_8.2.2_650/lpcxpresso/tools/bin/../lib/gcc/arm-none-eabi/5.4.1/../../../../arm-none-eabi/lib/armv6-m/libcr_c.a(__weak__main.o)
                                 0x6f (size before relaxing)
 .comment       0x000000dc       0x6f /usr/local/lpcxpresso_8.2.2_650/lpcxpresso/tools/bin/../lib/gcc/arm-none-eabi/5.4.1/../../../../arm-none-eabi/lib/armv6-m/libcr_c.a(atan2.o)
 .comment       0x000000dc       0x6f /usr/local/lpcxpresso_8.2.2_650/lpcxpresso/tools/bin/../lib/gcc/arm-none-eabi/5.4.1/../../../../arm-none-eabi/lib/armv6-m/libcr_c.a(errno.o)
 .comment       0x000000dc       0x6f /usr/local/lpcxpresso_8.2.2_650/lpcxpresso/tools/bin/../lib/gcc/arm-none-eabi/5.4.1/../../../../arm-none-eabi/lib/armv6-m/libcr_c.a(fabs.o)
 .comment       0x000000dc       0x6f /usr/local/lpcxpresso_8.2.2_650/lpcxpresso/tools/bin/../lib/gcc/arm-none-eabi/5.4.1/../../../../arm-none-eabi/lib/armv6-m/libcr_c.a(floor.o)
 .comment       0x000000dc       0x6f /usr/local/lpcxpresso_8.2.2_650/lpcxpresso/tools/bin/../lib/gcc/arm-none-eabi/5.4.1/../../../../arm-none-eabi/lib/armv6-m/libcr_c.a(pow.o)
 .comment       0x000000dc       0x6f /usr/local/lpcxpresso_8.2.2_650/lpcxpresso/tools/bin/../lib/gcc/arm-none-eabi/5.4.1/../../../../arm-none-eabi/lib/armv6-m/libcr_c.a(stdlib.o)
 .comment       0x000000dc       0x6f /usr/local/lpcxpresso_8.2.2_650/lpcxpresso/tools/bin/../lib/gcc/arm-none-eabi/5.4.1/../../../../arm-none-eabi/lib/armv6-m/libcr_c.a(_hugeval.o)
 .comment       0x000000dc       0x6f /usr/local/lpcxpresso_8.2.2_650/lpcxpresso/tools/bin/../lib/gcc/arm-none-eabi/5.4.1/../../../../arm-none-eabi/lib/armv6-m/libcr_c.a(atan.o)
 .comment       0x000000dc       0x6f /usr/local/lpcxpresso_8.2.2_650/lpcxpresso/tools/bin/../lib/gcc/arm-none-eabi/5.4.1/../../../../arm-none-eabi/lib/armv6-m/libcr_c.a(frexp.o)
 .comment       0x000000dc       0x6f /usr/local/lpcxpresso_8.2.2_650/lpcxpresso/tools/bin/../lib/gcc/arm-none-eabi/5.4.1/../../../../arm-none-eabi/lib/armv6-m/libcr_c.a(ldexp.o)
 .comment       0x000000dc       0x6f /usr/local/lpcxpresso_8.2.2_650/lpcxpresso/tools/bin/../lib/gcc/arm-none-eabi/5.4.1/armv6-m/libcr_eabihelpers.a(double.o)
 .comment       0x000000dc       0x6f /usr/local/lpcxpresso_8.2.2_650/lpcxpresso/tools/bin/../lib/gcc/arm-none-eabi/5.4.1/armv6-m/libcr_eabihelpers.a(float.o)

.ARM.attributes
                0x00000000       0x2f
 .ARM.attributes
                0x00000000       0x31 ./src/calibrate.o
 .ARM.attributes
                0x00000031       0x31 ./src/cr_startup_lpc11xx.o
 .ARM.attributes
                0x00000062       0x31 ./src/crp.o
 .ARM.attributes
                0x00000093       0x31 ./src/fonction.o
 .ARM.attributes
                0x000000c4       0x31 ./src/i2c.o
 .ARM.attributes
                0x000000f5       0x31 ./src/imu.o
 .ARM.attributes
                0x00000126       0x31 ./src/lMotor.o
 .ARM.attributes
                0x00000157       0x31 ./src/motor.o
 .ARM.attributes
                0x00000188       0x31 ./src/pinint.o
 .ARM.attributes
                0x000001b9       0x31 ./src/rMotor.o
 .ARM.attributes
                0x000001ea       0x31 ./src/step4.o
 .ARM.attributes
                0x0000021b       0x31 ./src/sysinit.o
 .ARM.attributes
                0x0000024c       0x31 ./src/timer.o
 .ARM.attributes
                0x0000027d       0x31 ./src/uart.o
 .ARM.attributes
                0x000002ae       0x31 /home/bcoste/Stock/PRe/LCPXpresso11C24-dev/workspace/lpc_chip_11cxx_lib/Release/liblpc_chip_11cxx_lib.a(clock_11xx.o)
 .ARM.attributes
                0x000002df       0x31 /home/bcoste/Stock/PRe/LCPXpresso11C24-dev/workspace/lpc_chip_11cxx_lib/Release/liblpc_chip_11cxx_lib.a(gpio_11xx_2.o)
 .ARM.attributes
                0x00000310       0x31 /home/bcoste/Stock/PRe/LCPXpresso11C24-dev/workspace/lpc_chip_11cxx_lib/Release/liblpc_chip_11cxx_lib.a(sysinit_11xx.o)
 .ARM.attributes
                0x00000341       0x31 /home/bcoste/Stock/PRe/LCPXpresso11C24-dev/workspace/lpc_chip_11cxx_lib/Release/liblpc_chip_11cxx_lib.a(timer_11xx.o)
 .ARM.attributes
                0x00000372       0x31 /home/bcoste/Stock/PRe/LCPXpresso11C24-dev/workspace/lpc_chip_11cxx_lib/Release/liblpc_chip_11cxx_lib.a(uart_11xx.o)
 .ARM.attributes
                0x000003a3       0x31 /home/bcoste/Stock/PRe/LCPXpresso11C24-dev/workspace/lpc_chip_11cxx_lib/Release/liblpc_chip_11cxx_lib.a(sysctl_11xx.o)
 .ARM.attributes
                0x000003d4       0x31 /usr/local/lpcxpresso_8.2.2_650/lpcxpresso/tools/bin/../lib/gcc/arm-none-eabi/5.4.1/../../../../arm-none-eabi/lib/armv6-m/libcr_c.a(__weak__main.o)
 .ARM.attributes
                0x00000405       0x31 /usr/local/lpcxpresso_8.2.2_650/lpcxpresso/tools/bin/../lib/gcc/arm-none-eabi/5.4.1/../../../../arm-none-eabi/lib/armv6-m/libcr_c.a(atan2.o)
 .ARM.attributes
                0x00000436       0x31 /usr/local/lpcxpresso_8.2.2_650/lpcxpresso/tools/bin/../lib/gcc/arm-none-eabi/5.4.1/../../../../arm-none-eabi/lib/armv6-m/libcr_c.a(errno.o)
 .ARM.attributes
                0x00000467       0x31 /usr/local/lpcxpresso_8.2.2_650/lpcxpresso/tools/bin/../lib/gcc/arm-none-eabi/5.4.1/../../../../arm-none-eabi/lib/armv6-m/libcr_c.a(fabs.o)
 .ARM.attributes
                0x00000498       0x31 /usr/local/lpcxpresso_8.2.2_650/lpcxpresso/tools/bin/../lib/gcc/arm-none-eabi/5.4.1/../../../../arm-none-eabi/lib/armv6-m/libcr_c.a(floor.o)
 .ARM.attributes
                0x000004c9       0x31 /usr/local/lpcxpresso_8.2.2_650/lpcxpresso/tools/bin/../lib/gcc/arm-none-eabi/5.4.1/../../../../arm-none-eabi/lib/armv6-m/libcr_c.a(pow.o)
 .ARM.attributes
                0x000004fa       0x31 /usr/local/lpcxpresso_8.2.2_650/lpcxpresso/tools/bin/../lib/gcc/arm-none-eabi/5.4.1/../../../../arm-none-eabi/lib/armv6-m/libcr_c.a(stdlib.o)
 .ARM.attributes
                0x0000052b       0x31 /usr/local/lpcxpresso_8.2.2_650/lpcxpresso/tools/bin/../lib/gcc/arm-none-eabi/5.4.1/../../../../arm-none-eabi/lib/armv6-m/libcr_c.a(_hugeval.o)
 .ARM.attributes
                0x0000055c       0x31 /usr/local/lpcxpresso_8.2.2_650/lpcxpresso/tools/bin/../lib/gcc/arm-none-eabi/5.4.1/../../../../arm-none-eabi/lib/armv6-m/libcr_c.a(atan.o)
 .ARM.attributes
                0x0000058d       0x31 /usr/local/lpcxpresso_8.2.2_650/lpcxpresso/tools/bin/../lib/gcc/arm-none-eabi/5.4.1/../../../../arm-none-eabi/lib/armv6-m/libcr_c.a(frexp.o)
 .ARM.attributes
                0x000005be       0x31 /usr/local/lpcxpresso_8.2.2_650/lpcxpresso/tools/bin/../lib/gcc/arm-none-eabi/5.4.1/../../../../arm-none-eabi/lib/armv6-m/libcr_c.a(ldexp.o)
 .ARM.attributes
                0x000005ef       0x21 /usr/local/lpcxpresso_8.2.2_650/lpcxpresso/tools/bin/../lib/gcc/arm-none-eabi/5.4.1/armv6-m/libcr_eabihelpers.a(division_32.o)
 .ARM.attributes
                0x00000610       0x21 /usr/local/lpcxpresso_8.2.2_650/lpcxpresso/tools/bin/../lib/gcc/arm-none-eabi/5.4.1/armv6-m/libcr_eabihelpers.a(division_idiv0.o)
 .ARM.attributes
                0x00000631       0x31 /usr/local/lpcxpresso_8.2.2_650/lpcxpresso/tools/bin/../lib/gcc/arm-none-eabi/5.4.1/armv6-m/libcr_eabihelpers.a(double.o)
 .ARM.attributes
                0x00000662       0x31 /usr/local/lpcxpresso_8.2.2_650/lpcxpresso/tools/bin/../lib/gcc/arm-none-eabi/5.4.1/armv6-m/libcr_eabihelpers.a(float.o)
 .ARM.attributes
                0x00000693       0x21 /usr/local/lpcxpresso_8.2.2_650/lpcxpresso/tools/bin/../lib/gcc/arm-none-eabi/5.4.1/armv6-m/libcr_eabihelpers.a(llong.o)

.debug_frame    0x00000000      0xc28
 .debug_frame   0x00000000       0x74 ./src/calibrate.o
 .debug_frame   0x00000074       0xb0 ./src/cr_startup_lpc11xx.o
 .debug_frame   0x00000124       0x68 ./src/fonction.o
 .debug_frame   0x0000018c       0xe0 ./src/i2c.o
 .debug_frame   0x0000026c       0x40 ./src/imu.o
 .debug_frame   0x000002ac       0xb8 ./src/lMotor.o
 .debug_frame   0x00000364       0xb8 ./src/motor.o
 .debug_frame   0x0000041c       0x48 ./src/pinint.o
 .debug_frame   0x00000464       0xb0 ./src/rMotor.o
 .debug_frame   0x00000514       0x28 ./src/step4.o
 .debug_frame   0x0000053c       0x28 ./src/sysinit.o
 .debug_frame   0x00000564       0xb0 ./src/timer.o
 .debug_frame   0x00000614      0x224 ./src/uart.o
 .debug_frame   0x00000838       0xd0 /home/bcoste/Stock/PRe/LCPXpresso11C24-dev/workspace/lpc_chip_11cxx_lib/Release/liblpc_chip_11cxx_lib.a(clock_11xx.o)
 .debug_frame   0x00000908       0xb0 /home/bcoste/Stock/PRe/LCPXpresso11C24-dev/workspace/lpc_chip_11cxx_lib/Release/liblpc_chip_11cxx_lib.a(gpio_11xx_2.o)
 .debug_frame   0x000009b8       0x28 /home/bcoste/Stock/PRe/LCPXpresso11C24-dev/workspace/lpc_chip_11cxx_lib/Release/liblpc_chip_11cxx_lib.a(sysinit_11xx.o)
 .debug_frame   0x000009e0       0x60 /home/bcoste/Stock/PRe/LCPXpresso11C24-dev/workspace/lpc_chip_11cxx_lib/Release/liblpc_chip_11cxx_lib.a(timer_11xx.o)
 .debug_frame   0x00000a40      0x190 /home/bcoste/Stock/PRe/LCPXpresso11C24-dev/workspace/lpc_chip_11cxx_lib/Release/liblpc_chip_11cxx_lib.a(uart_11xx.o)
 .debug_frame   0x00000bd0       0x58 /home/bcoste/Stock/PRe/LCPXpresso11C24-dev/workspace/lpc_chip_11cxx_lib/Release/liblpc_chip_11cxx_lib.a(sysctl_11xx.o)
